#-----------------------------------------------------------
# Vivado v2020.2 (64-bit)
# SW Build 3064766 on Wed Nov 18 09:12:47 MST 2020
# IP Build 3064653 on Wed Nov 18 14:17:31 MST 2020
# Start of session at: Thu Jun 13 00:28:02 2024
# Process ID: 27142
# Current directory: /home/dcs/git/mopshub/Vivado/mopshub_v3TMR/mopshub_board_v3TMR/mopshub_board_v3TMR.runs/mopshub_board_v3TMR_selectio_wiz_1_0_synth_1
# Command line: vivado -log mopshub_board_v3TMR_selectio_wiz_1_0.vds -product Vivado -mode batch -messageDb vivado.pb -notrace -source mopshub_board_v3TMR_selectio_wiz_1_0.tcl
# Log file: /home/dcs/git/mopshub/Vivado/mopshub_v3TMR/mopshub_board_v3TMR/mopshub_board_v3TMR.runs/mopshub_board_v3TMR_selectio_wiz_1_0_synth_1/mopshub_board_v3TMR_selectio_wiz_1_0.vds
# Journal file: /home/dcs/git/mopshub/Vivado/mopshub_v3TMR/mopshub_board_v3TMR/mopshub_board_v3TMR.runs/mopshub_board_v3TMR_selectio_wiz_1_0_synth_1/vivado.jou
#-----------------------------------------------------------
source mopshub_board_v3TMR_selectio_wiz_1_0.tcl -notrace
