Copyright 1986-2020 Xilinx, Inc. All Rights Reserved.
------------------------------------------------------------------------------------------------------
| Tool Version : Vivado v.2020.2 (lin64) Build 3064766 Wed Nov 18 09:12:47 MST 2020
| Date         : Thu Jun 13 01:25:31 2024
| Host         : chipdev2.physik.uni-wuppertal.de running 64-bit unknown
| Command      : report_clock_utilization -file mopshub_board_v2_wrapper_clock_utilization_routed.rpt
| Design       : mopshub_board_v2_wrapper
| Device       : 7a200t-fbg484
| Speed File   : -2  PRODUCTION 1.23 2018-06-13
| Design State : Routed
------------------------------------------------------------------------------------------------------

Clock Utilization Report

Table of Contents
-----------------
1. Clock Primitive Utilization
2. Global Clock Resources
3. Global Clock Source Details
4. Clock Regions: Key Resource Utilization
5. Clock Regions : Global Clock Summary
6. Device Cell Placement Summary for Global Clock g0
7. Device Cell Placement Summary for Global Clock g1
8. Device Cell Placement Summary for Global Clock g2
9. Device Cell Placement Summary for Global Clock g3
10. Device Cell Placement Summary for Global Clock g4
11. Device Cell Placement Summary for Global Clock g5
12. Device Cell Placement Summary for Global Clock g6
13. Device Cell Placement Summary for Global Clock g7
14. Device Cell Placement Summary for Global Clock g8
15. Device Cell Placement Summary for Global Clock g9
16. Device Cell Placement Summary for Global Clock g10
17. Device Cell Placement Summary for Global Clock g11
18. Device Cell Placement Summary for Global Clock g12
19. Device Cell Placement Summary for Global Clock g13
20. Clock Region Cell Placement per Global Clock: Region X1Y0
21. Clock Region Cell Placement per Global Clock: Region X0Y1
22. Clock Region Cell Placement per Global Clock: Region X0Y2
23. Clock Region Cell Placement per Global Clock: Region X1Y2
24. Clock Region Cell Placement per Global Clock: Region X0Y3
25. Clock Region Cell Placement per Global Clock: Region X1Y3
26. Clock Region Cell Placement per Global Clock: Region X0Y4

1. Clock Primitive Utilization
------------------------------

+----------+------+-----------+-----+--------------+--------+
| Type     | Used | Available | LOC | Clock Region | Pblock |
+----------+------+-----------+-----+--------------+--------+
| BUFGCTRL |   11 |        32 |   0 |            0 |      0 |
| BUFH     |    3 |       120 |   0 |            0 |      0 |
| BUFIO    |    0 |        40 |   0 |            0 |      0 |
| BUFMR    |    0 |        20 |   0 |            0 |      0 |
| BUFR     |    0 |        40 |   0 |            0 |      0 |
| MMCM     |    3 |        10 |   0 |            0 |      0 |
| PLL      |    0 |        10 |   0 |            0 |      0 |
+----------+------+-----------+-----+--------------+--------+


2. Global Clock Resources
-------------------------

+-----------+-----------+-----------------+------------+----------------+--------------+-------------------+-------------+-----------------+--------------+--------------------------------------------------------------------------------------------+------------------------------------------------------------------------------------+-----------------------------------------------------------------------------------+
| Global Id | Source Id | Driver Type/Pin | Constraint | Site           | Clock Region | Load Clock Region | Clock Loads | Non-Clock Loads | Clock Period | Clock                                                                                      | Driver Pin                                                                         | Net                                                                               |
+-----------+-----------+-----------------+------------+----------------+--------------+-------------------+-------------+-----------------+--------------+--------------------------------------------------------------------------------------------+------------------------------------------------------------------------------------+-----------------------------------------------------------------------------------+
| g0        | src0      | BUFG/O          | None       | BUFGCTRL_X0Y0  | n/a          |                 6 |       17393 |               1 |       25.000 | clk_40_mopshub_board_v2_clk_wiz_s_0                                                        | mopshub_board_v2_i/clk_wiz_s/inst/clkout1_buf/O                                    | mopshub_board_v2_i/clk_wiz_s/inst/clk_40                                          |
| g1        | src1      | BUFG/O          | None       | BUFGCTRL_X0Y1  | n/a          |                 1 |         572 |               0 |       10.000 | clk_100_mopshub_board_v2_clk_wiz_0_0                                                       | mopshub_board_v2_i/clk_wiz_0/inst/clkout1_buf/O                                    | mopshub_board_v2_i/clk_wiz_0/inst/clk_100                                         |
| g2        | src2      | BUFG/O          | None       | BUFGCTRL_X0Y6  | n/a          |                 1 |         465 |               0 |       33.000 | dbg_hub/inst/BSCANID.u_xsdbm_id/SWITCH_N_EXT_BSCAN.bscan_inst/SERIES7_BSCAN.bscan_inst/TCK | dbg_hub/inst/BSCANID.u_xsdbm_id/SWITCH_N_EXT_BSCAN.u_bufg_icon_tck/O               | dbg_hub/inst/BSCANID.u_xsdbm_id/itck_i                                            |
| g4        | src3      | BUFH/O          | None       | BUFHCE_X0Y24   | X0Y2         |                 1 |           8 |               0 |       25.000 | clk_elink_mopshub_board_v2_clk_wiz_s1_0                                                    | mopshub_board_v2_i/clk_wiz_s1/inst/clkout1_buf_en/O                                | mopshub_board_v2_i/clk_wiz_s1/inst/clk_elink_mopshub_board_v2_clk_wiz_s1_0_en_clk |
| g5        | src5      | BUFG/O          | None       | BUFGCTRL_X0Y7  | n/a          |                 2 |         106 |               0 |       86.765 | clk_uart_mopshub_board_v2_clk_wiz_s_0                                                      | mopshub_board_v2_i/clk_wiz_s/inst/clkout3_buf/O                                    | mopshub_board_v2_i/clk_wiz_s/inst/clk_uart                                        |
| g6        | src6      | BUFG/O          | None       | BUFGCTRL_X0Y8  | n/a          |                 1 |          95 |               0 |              |                                                                                            | mopshub_board_v2_i/mopshub_top_board_16_0/inst/seu_shift_combined0/clk_BUFG_inst/O | mopshub_board_v2_i/mopshub_top_board_16_0/inst/seu_shift_combined0/clk_BUFG       |
| g7        | src7      | BUFH/O          | None       | BUFHCE_X0Y26   | X0Y2         |                 1 |           8 |               0 |        6.250 | clk_rx_m_mopshub_board_v2_clk_wiz_s1_0                                                     | mopshub_board_v2_i/clk_wiz_s1/inst/clkout3_buf_en/O                                | mopshub_board_v2_i/clk_wiz_s1/inst/clk_rx_m_mopshub_board_v2_clk_wiz_s1_0_en_clk  |
| g9        | src8      | BUFH/O          | None       | BUFHCE_X0Y25   | X0Y2         |                 1 |           8 |               0 |       12.500 | clk_tx_m_mopshub_board_v2_clk_wiz_s1_0                                                     | mopshub_board_v2_i/clk_wiz_s1/inst/clkout2_buf_en/O                                | mopshub_board_v2_i/clk_wiz_s1/inst/clk_tx_m_mopshub_board_v2_clk_wiz_s1_0_en_clk  |
| g11       | src9      | BUFG/O          | None       | BUFGCTRL_X0Y3  | n/a          |                 1 |           1 |               0 |       12.500 | clk_m_mopshub_board_v2_clk_wiz_s_0                                                         | mopshub_board_v2_i/clk_wiz_s/inst/clkout2_buf/O                                    | mopshub_board_v2_i/clk_wiz_s/inst/clk_m                                           |
| g12       | src10     | BUFG/O          | None       | BUFGCTRL_X0Y9  | n/a          |                 1 |           1 |               0 |       25.000 | clkfbout_mopshub_board_v2_clk_wiz_s_0                                                      | mopshub_board_v2_i/clk_wiz_s/inst/clkf_buf/O                                       | mopshub_board_v2_i/clk_wiz_s/inst/clkfbout_buf_mopshub_board_v2_clk_wiz_s_0       |
| g13       | src11     | BUFG/O          | None       | BUFGCTRL_X0Y10 | n/a          |                 1 |           1 |               0 |       12.500 | clkfbout_mopshub_board_v2_clk_wiz_s1_0                                                     | mopshub_board_v2_i/clk_wiz_s1/inst/clkf_buf/O                                      | mopshub_board_v2_i/clk_wiz_s1/inst/clkfbout_buf_mopshub_board_v2_clk_wiz_s1_0     |
+-----------+-----------+-----------------+------------+----------------+--------------+-------------------+-------------+-----------------+--------------+--------------------------------------------------------------------------------------------+------------------------------------------------------------------------------------+-----------------------------------------------------------------------------------+
* Clock Loads column represents the clock pin loads (pin count)
** Non-Clock Loads column represents the non-clock pin loads (pin count)


3. Global Clock Source Details
------------------------------

+-----------+-----------+---------------------+------------+-----------------+--------------+-------------+-----------------+---------------------+--------------------------------------------------------------------------------------------+--------------------------------------------------------------------------------------------+----------------------------------------------------------------------------+
| Source Id | Global Id | Driver Type/Pin     | Constraint | Site            | Clock Region | Clock Loads | Non-Clock Loads | Source Clock Period | Source Clock                                                                               | Driver Pin                                                                                 | Net                                                                        |
+-----------+-----------+---------------------+------------+-----------------+--------------+-------------+-----------------+---------------------+--------------------------------------------------------------------------------------------+--------------------------------------------------------------------------------------------+----------------------------------------------------------------------------+
| src0      | g0        | MMCME2_ADV/CLKOUT0  | None       | MMCME2_ADV_X1Y0 | X1Y0         |           1 |               0 |              25.000 | clk_40_mopshub_board_v2_clk_wiz_s_0                                                        | mopshub_board_v2_i/clk_wiz_s/inst/mmcm_adv_inst/CLKOUT0                                    | mopshub_board_v2_i/clk_wiz_s/inst/clk_40_mopshub_board_v2_clk_wiz_s_0      |
| src1      | g1        | MMCME2_ADV/CLKOUT0  | None       | MMCME2_ADV_X0Y2 | X0Y2         |           1 |               0 |              10.000 | clk_100_mopshub_board_v2_clk_wiz_0_0                                                       | mopshub_board_v2_i/clk_wiz_0/inst/mmcm_adv_inst/CLKOUT0                                    | mopshub_board_v2_i/clk_wiz_0/inst/clk_100_mopshub_board_v2_clk_wiz_0_0     |
| src2      | g2        | BSCANE2/TCK         | None       | BSCAN_X0Y0      | X0Y2         |           1 |               0 |              33.000 | dbg_hub/inst/BSCANID.u_xsdbm_id/SWITCH_N_EXT_BSCAN.bscan_inst/SERIES7_BSCAN.bscan_inst/TCK | dbg_hub/inst/BSCANID.u_xsdbm_id/SWITCH_N_EXT_BSCAN.bscan_inst/SERIES7_BSCAN.bscan_inst/TCK | dbg_hub/inst/BSCANID.u_xsdbm_id/SWITCH_N_EXT_BSCAN.bscan_inst/tck_bs       |
| src3      | g3        | MMCME2_ADV/CLKOUT0  | None       | MMCME2_ADV_X1Y2 | X1Y2         |           2 |               0 |              25.000 | clk_elink_mopshub_board_v2_clk_wiz_s1_0                                                    | mopshub_board_v2_i/clk_wiz_s1/inst/mmcm_adv_inst/CLKOUT0                                   | mopshub_board_v2_i/clk_wiz_s1/inst/clk_elink_mopshub_board_v2_clk_wiz_s1_0 |
| src3      | g4        | MMCME2_ADV/CLKOUT0  | None       | MMCME2_ADV_X1Y2 | X1Y2         |           2 |               0 |              25.000 | clk_elink_mopshub_board_v2_clk_wiz_s1_0                                                    | mopshub_board_v2_i/clk_wiz_s1/inst/mmcm_adv_inst/CLKOUT0                                   | mopshub_board_v2_i/clk_wiz_s1/inst/clk_elink_mopshub_board_v2_clk_wiz_s1_0 |
| src4      | g3        | VCC/P               | None       |                 | n/a          |           0 |               0 |                     |                                                                                            | mopshub_board_v2_i/clk_wiz_s1/inst/VCC_1/P                                                 | mopshub_board_v2_i/clk_wiz_s1/inst/VCC_2                                   |
| src5      | g5        | MMCME2_ADV/CLKOUT2  | None       | MMCME2_ADV_X1Y0 | X1Y0         |           1 |               0 |              86.765 | clk_uart_mopshub_board_v2_clk_wiz_s_0                                                      | mopshub_board_v2_i/clk_wiz_s/inst/mmcm_adv_inst/CLKOUT2                                    | mopshub_board_v2_i/clk_wiz_s/inst/clk_uart_mopshub_board_v2_clk_wiz_s_0    |
| src6      | g6        | IBUF/O              | IOB_X0Y221 | IOB_X0Y221      | X0Y4         |           1 |               0 |                     |                                                                                            | mopshub_board_v2_i/mopshub_top_board_16_0/inst/seu_shift_combined0/clkbuf/O                | mopshub_board_v2_i/mopshub_top_board_16_0/inst/seu_shift_combined0/clk     |
| src7      | g7        | MMCME2_ADV/CLKOUT2  | None       | MMCME2_ADV_X1Y2 | X1Y2         |           2 |               0 |               6.250 | clk_rx_m_mopshub_board_v2_clk_wiz_s1_0                                                     | mopshub_board_v2_i/clk_wiz_s1/inst/mmcm_adv_inst/CLKOUT2                                   | mopshub_board_v2_i/clk_wiz_s1/inst/clk_rx_m_mopshub_board_v2_clk_wiz_s1_0  |
| src7      | g8        | MMCME2_ADV/CLKOUT2  | None       | MMCME2_ADV_X1Y2 | X1Y2         |           2 |               0 |               6.250 | clk_rx_m_mopshub_board_v2_clk_wiz_s1_0                                                     | mopshub_board_v2_i/clk_wiz_s1/inst/mmcm_adv_inst/CLKOUT2                                   | mopshub_board_v2_i/clk_wiz_s1/inst/clk_rx_m_mopshub_board_v2_clk_wiz_s1_0  |
| src8      | g9        | MMCME2_ADV/CLKOUT1  | None       | MMCME2_ADV_X1Y2 | X1Y2         |           2 |               0 |              12.500 | clk_tx_m_mopshub_board_v2_clk_wiz_s1_0                                                     | mopshub_board_v2_i/clk_wiz_s1/inst/mmcm_adv_inst/CLKOUT1                                   | mopshub_board_v2_i/clk_wiz_s1/inst/clk_tx_m_mopshub_board_v2_clk_wiz_s1_0  |
| src8      | g10       | MMCME2_ADV/CLKOUT1  | None       | MMCME2_ADV_X1Y2 | X1Y2         |           2 |               0 |              12.500 | clk_tx_m_mopshub_board_v2_clk_wiz_s1_0                                                     | mopshub_board_v2_i/clk_wiz_s1/inst/mmcm_adv_inst/CLKOUT1                                   | mopshub_board_v2_i/clk_wiz_s1/inst/clk_tx_m_mopshub_board_v2_clk_wiz_s1_0  |
| src9      | g11       | MMCME2_ADV/CLKOUT1  | None       | MMCME2_ADV_X1Y0 | X1Y0         |           1 |               0 |              12.500 | clk_m_mopshub_board_v2_clk_wiz_s_0                                                         | mopshub_board_v2_i/clk_wiz_s/inst/mmcm_adv_inst/CLKOUT1                                    | mopshub_board_v2_i/clk_wiz_s/inst/clk_m_mopshub_board_v2_clk_wiz_s_0       |
| src10     | g12       | MMCME2_ADV/CLKFBOUT | None       | MMCME2_ADV_X1Y0 | X1Y0         |           1 |               0 |              25.000 | clkfbout_mopshub_board_v2_clk_wiz_s_0                                                      | mopshub_board_v2_i/clk_wiz_s/inst/mmcm_adv_inst/CLKFBOUT                                   | mopshub_board_v2_i/clk_wiz_s/inst/clkfbout_mopshub_board_v2_clk_wiz_s_0    |
| src11     | g13       | MMCME2_ADV/CLKFBOUT | None       | MMCME2_ADV_X1Y2 | X1Y2         |           1 |               0 |              12.500 | clkfbout_mopshub_board_v2_clk_wiz_s1_0                                                     | mopshub_board_v2_i/clk_wiz_s1/inst/mmcm_adv_inst/CLKFBOUT                                  | mopshub_board_v2_i/clk_wiz_s1/inst/clkfbout_mopshub_board_v2_clk_wiz_s1_0  |
+-----------+-----------+---------------------+------------+-----------------+--------------+-------------+-----------------+---------------------+--------------------------------------------------------------------------------------------+--------------------------------------------------------------------------------------------+----------------------------------------------------------------------------+
* Clock Loads column represents the clock pin loads (pin count)
** Non-Clock Loads column represents the non-clock pin loads (pin count)


4. Clock Regions: Key Resource Utilization
------------------------------------------

+-------------------+--------------+--------------+--------------+--------------+--------------+--------------+--------------+--------------+--------------+--------------+--------------+--------------+--------------+--------------+--------------+
|                   | Global Clock |     BUFRs    |    BUFMRs    |    BUFIOs    |     MMCM     |      PLL     |      GT      |      PCI     |    ILOGIC    |    OLOGIC    |      FF      |     LUTM     |    RAMB18    |    RAMB36    |    DSP48E2   |
+-------------------+------+-------+------+-------+------+-------+------+-------+------+-------+------+-------+------+-------+------+-------+------+-------+------+-------+------+-------+------+-------+------+-------+------+-------+------+-------+
| Clock Region Name | Used | Avail | Used | Avail | Used | Avail | Used | Avail | Used | Avail | Used | Avail | Used | Avail | Used | Avail | Used | Avail | Used | Avail | Used | Avail | Used | Avail | Used | Avail | Used | Avail | Used | Avail |
+-------------------+------+-------+------+-------+------+-------+------+-------+------+-------+------+-------+------+-------+------+-------+------+-------+------+-------+------+-------+------+-------+------+-------+------+-------+------+-------+
| X0Y0              |    0 |    12 |    0 |     4 |    0 |     2 |    0 |     4 |    0 |     1 |    0 |     1 |    0 |     4 |    0 |     0 |    0 |    50 |    0 |    50 |    0 |  2700 |    0 |   800 |    0 |    60 |    0 |    30 |    0 |    60 |
| X1Y0              |    1 |    12 |    0 |     4 |    0 |     2 |    0 |     4 |    1 |     1 |    0 |     1 |    0 |     4 |    0 |     0 |    0 |    50 |    0 |    50 |    0 |  2500 |    0 |   800 |    0 |    40 |    0 |    20 |    0 |    40 |
| X0Y1              |    1 |    12 |    0 |     4 |    0 |     2 |    0 |     4 |    0 |     1 |    0 |     1 |    0 |     0 |    0 |     0 |    0 |    50 |    0 |    50 | 2963 |  4200 |  866 |  1400 |    0 |   100 |    0 |    50 |    0 |   100 |
| X1Y1              |    0 |    12 |    0 |     4 |    0 |     2 |    0 |     4 |    0 |     1 |    0 |     1 |    0 |     0 |    0 |     0 |    0 |    50 |    0 |    50 |    0 |  4000 |    0 |  1400 |    0 |    80 |    0 |    40 |    0 |    80 |
| X0Y2              |    8 |    12 |    0 |     4 |    0 |     2 |    0 |     4 |    1 |     1 |    0 |     1 |    0 |     0 |    0 |     0 |    0 |    50 |    0 |    50 | 6016 |  3600 | 2254 |  1400 |    1 |   100 |    7 |    50 |    0 |   100 |
| X1Y2              |    6 |    12 |    0 |     4 |    0 |     2 |    0 |     4 |    1 |     1 |    0 |     1 |    0 |     0 |    0 |     0 |    1 |    50 |    2 |    50 | 1205 |  4000 |  394 |  1400 |    0 |    80 |    0 |    40 |    0 |    80 |
| X0Y3              |    2 |    12 |    0 |     4 |    0 |     2 |    0 |     4 |    0 |     1 |    0 |     1 |    0 |     0 |    0 |     0 |    0 |    50 |    0 |    50 | 4140 |  3600 | 1649 |  1400 |    0 |   100 |    0 |    50 |    0 |   100 |
| X1Y3              |    1 |    12 |    0 |     4 |    0 |     2 |    0 |     4 |    0 |     1 |    0 |     1 |    0 |     0 |    0 |     0 |    0 |    50 |    0 |    50 | 3947 |  4000 | 1481 |  1400 |    0 |    80 |    0 |    40 |    0 |    80 |
| X0Y4              |    2 |    12 |    0 |     4 |    0 |     2 |    0 |     4 |    0 |     1 |    0 |     1 |    0 |     4 |    0 |     1 |    0 |    50 |    0 |    50 |   17 |  2550 |  105 |   750 |    0 |    50 |    0 |    25 |    0 |    60 |
| X1Y4              |    0 |    12 |    0 |     4 |    0 |     2 |    0 |     4 |    0 |     1 |    0 |     1 |    0 |     4 |    0 |     0 |    0 |    50 |    0 |    50 |    0 |  2500 |    0 |   800 |    0 |    40 |    0 |    20 |    0 |    40 |
+-------------------+------+-------+------+-------+------+-------+------+-------+------+-------+------+-------+------+-------+------+-------+------+-------+------+-------+------+-------+------+-------+------+-------+------+-------+------+-------+
* Global Clock column represents track count; while other columns represents cell counts


5. Clock Regions : Global Clock Summary
---------------------------------------

All Modules
+----+----+----+
|    | X0 | X1 |
+----+----+----+
| Y4 |  2 |  0 |
| Y3 |  2 |  1 |
| Y2 |  8 |  6 |
| Y1 |  1 |  0 |
| Y0 |  0 |  1 |
+----+----+----+


6. Device Cell Placement Summary for Global Clock g0
----------------------------------------------------

+-----------+-----------------+-------------------+-------------------------------------+-------------+----------------+-------------+----------+----------------+----------+------------------------------------------+
| Global Id | Driver Type/Pin | Driver Region (D) | Clock                               | Period (ns) | Waveform (ns)  | Slice Loads | IO Loads | Clocking Loads | GT Loads | Net                                      |
+-----------+-----------------+-------------------+-------------------------------------+-------------+----------------+-------------+----------+----------------+----------+------------------------------------------+
| g0        | BUFG/O          | n/a               | clk_40_mopshub_board_v2_clk_wiz_s_0 |      25.000 | {0.000 12.500} |       17121 |        1 |              1 |        0 | mopshub_board_v2_i/clk_wiz_s/inst/clk_40 |
+-----------+-----------------+-------------------+-------------------------------------+-------------+----------------+-------------+----------+----------------+----------+------------------------------------------+
* Slice Loads column represents load cell count of all cell types other than IO, GT and clock resources
** IO Loads column represents load cell count of IO types
*** Clocking Loads column represents load cell count that are clock resources (global clock buffer, MMCM, PLL, etc)
**** GT Loads column represents load cell count of GT types


+----+-------+-------+-----------------------+
|    | X0    | X1    | HORIZONTAL PROG DELAY |
+----+-------+-------+-----------------------+
| Y4 |    16 |     0 |                     0 |
| Y3 |  4093 |  3947 |                     0 |
| Y2 |  4834 |  1204 |                     0 |
| Y1 |  3029 |     0 |                     0 |
| Y0 |     0 |     0 |                     0 |
+----+-------+-------+-----------------------+


7. Device Cell Placement Summary for Global Clock g1
----------------------------------------------------

+-----------+-----------------+-------------------+--------------------------------------+-------------+---------------+-------------+----------+----------------+----------+-------------------------------------------+
| Global Id | Driver Type/Pin | Driver Region (D) | Clock                                | Period (ns) | Waveform (ns) | Slice Loads | IO Loads | Clocking Loads | GT Loads | Net                                       |
+-----------+-----------------+-------------------+--------------------------------------+-------------+---------------+-------------+----------+----------------+----------+-------------------------------------------+
| g1        | BUFG/O          | n/a               | clk_100_mopshub_board_v2_clk_wiz_0_0 |      10.000 | {0.000 5.000} |         536 |        0 |              0 |        0 | mopshub_board_v2_i/clk_wiz_0/inst/clk_100 |
+-----------+-----------------+-------------------+--------------------------------------+-------------+---------------+-------------+----------+----------------+----------+-------------------------------------------+
* Slice Loads column represents load cell count of all cell types other than IO, GT and clock resources
** IO Loads column represents load cell count of IO types
*** Clocking Loads column represents load cell count that are clock resources (global clock buffer, MMCM, PLL, etc)
**** GT Loads column represents load cell count of GT types


+----+------+----+-----------------------+
|    | X0   | X1 | HORIZONTAL PROG DELAY |
+----+------+----+-----------------------+
| Y4 |    0 |  0 |                     0 |
| Y3 |    0 |  0 |                     0 |
| Y2 |  536 |  0 |                     0 |
| Y1 |    0 |  0 |                     0 |
| Y0 |    0 |  0 |                     0 |
+----+------+----+-----------------------+


8. Device Cell Placement Summary for Global Clock g2
----------------------------------------------------

+-----------+-----------------+-------------------+--------------------------------------------------------------------------------------------+-------------+----------------+-------------+----------+----------------+----------+----------------------------------------+
| Global Id | Driver Type/Pin | Driver Region (D) | Clock                                                                                      | Period (ns) | Waveform (ns)  | Slice Loads | IO Loads | Clocking Loads | GT Loads | Net                                    |
+-----------+-----------------+-------------------+--------------------------------------------------------------------------------------------+-------------+----------------+-------------+----------+----------------+----------+----------------------------------------+
| g2        | BUFG/O          | n/a               | dbg_hub/inst/BSCANID.u_xsdbm_id/SWITCH_N_EXT_BSCAN.bscan_inst/SERIES7_BSCAN.bscan_inst/TCK |      33.000 | {0.000 16.500} |         462 |        0 |              0 |        0 | dbg_hub/inst/BSCANID.u_xsdbm_id/itck_i |
+-----------+-----------------+-------------------+--------------------------------------------------------------------------------------------+-------------+----------------+-------------+----------+----------------+----------+----------------------------------------+
* Slice Loads column represents load cell count of all cell types other than IO, GT and clock resources
** IO Loads column represents load cell count of IO types
*** Clocking Loads column represents load cell count that are clock resources (global clock buffer, MMCM, PLL, etc)
**** GT Loads column represents load cell count of GT types


+----+------+----+-----------------------+
|    | X0   | X1 | HORIZONTAL PROG DELAY |
+----+------+----+-----------------------+
| Y4 |    0 |  0 |                     0 |
| Y3 |    0 |  0 |                     0 |
| Y2 |  462 |  0 |                     0 |
| Y1 |    0 |  0 |                     0 |
| Y0 |    0 |  0 |                     0 |
+----+------+----+-----------------------+


9. Device Cell Placement Summary for Global Clock g3
----------------------------------------------------

+-----------+-----------------+-------------------+-----------------------------------------+-------------+----------------+-------------+----------+----------------+----------+----------------------------------------------+
| Global Id | Driver Type/Pin | Driver Region (D) | Clock                                   | Period (ns) | Waveform (ns)  | Slice Loads | IO Loads | Clocking Loads | GT Loads | Net                                          |
+-----------+-----------------+-------------------+-----------------------------------------+-------------+----------------+-------------+----------+----------------+----------+----------------------------------------------+
| g3        | BUFGCTRL/O      | n/a               | clk_elink_mopshub_board_v2_clk_wiz_s1_0 |      25.000 | {0.000 12.500} |         168 |        2 |              0 |        0 | mopshub_board_v2_i/clk_wiz_s1/inst/clk_elink |
+-----------+-----------------+-------------------+-----------------------------------------+-------------+----------------+-------------+----------+----------------+----------+----------------------------------------------+
* Slice Loads column represents load cell count of all cell types other than IO, GT and clock resources
** IO Loads column represents load cell count of IO types
*** Clocking Loads column represents load cell count that are clock resources (global clock buffer, MMCM, PLL, etc)
**** GT Loads column represents load cell count of GT types


+----+------+----+-----------------------+
|    | X0   | X1 | HORIZONTAL PROG DELAY |
+----+------+----+-----------------------+
| Y4 |    0 |  0 |                     0 |
| Y3 |    0 |  0 |                     0 |
| Y2 |  166 |  4 |                     0 |
| Y1 |    0 |  0 |                     0 |
| Y0 |    0 |  0 |                     0 |
+----+------+----+-----------------------+


10. Device Cell Placement Summary for Global Clock g4
-----------------------------------------------------

+-----------+-----------------+-------------------+-----------------------------------------+-------------+----------------+-------------+----------+----------------+----------+-----------------------------------------------------------------------------------+
| Global Id | Driver Type/Pin | Driver Region (D) | Clock                                   | Period (ns) | Waveform (ns)  | Slice Loads | IO Loads | Clocking Loads | GT Loads | Net                                                                               |
+-----------+-----------------+-------------------+-----------------------------------------+-------------+----------------+-------------+----------+----------------+----------+-----------------------------------------------------------------------------------+
| g4        | BUFH/O          | X0Y2              | clk_elink_mopshub_board_v2_clk_wiz_s1_0 |      25.000 | {0.000 12.500} |           8 |        0 |              0 |        0 | mopshub_board_v2_i/clk_wiz_s1/inst/clk_elink_mopshub_board_v2_clk_wiz_s1_0_en_clk |
+-----------+-----------------+-------------------+-----------------------------------------+-------------+----------------+-------------+----------+----------------+----------+-----------------------------------------------------------------------------------+
* Slice Loads column represents load cell count of all cell types other than IO, GT and clock resources
** IO Loads column represents load cell count of IO types
*** Clocking Loads column represents load cell count that are clock resources (global clock buffer, MMCM, PLL, etc)
**** GT Loads column represents load cell count of GT types


+----+--------+----+-----------------------+
|    | X0     | X1 | HORIZONTAL PROG DELAY |
+----+--------+----+-----------------------+
| Y4 |      0 |  0 |                     0 |
| Y3 |      0 |  0 |                     0 |
| Y2 |  (D) 8 |  0 |                     0 |
| Y1 |      0 |  0 |                     0 |
| Y0 |      0 |  0 |                     0 |
+----+--------+----+-----------------------+


11. Device Cell Placement Summary for Global Clock g5
-----------------------------------------------------

+-----------+-----------------+-------------------+---------------------------------------+-------------+----------------+-------------+----------+----------------+----------+--------------------------------------------+
| Global Id | Driver Type/Pin | Driver Region (D) | Clock                                 | Period (ns) | Waveform (ns)  | Slice Loads | IO Loads | Clocking Loads | GT Loads | Net                                        |
+-----------+-----------------+-------------------+---------------------------------------+-------------+----------------+-------------+----------+----------------+----------+--------------------------------------------+
| g5        | BUFG/O          | n/a               | clk_uart_mopshub_board_v2_clk_wiz_s_0 |      86.765 | {0.000 43.382} |         104 |        0 |              0 |        0 | mopshub_board_v2_i/clk_wiz_s/inst/clk_uart |
+-----------+-----------------+-------------------+---------------------------------------+-------------+----------------+-------------+----------+----------------+----------+--------------------------------------------+
* Slice Loads column represents load cell count of all cell types other than IO, GT and clock resources
** IO Loads column represents load cell count of IO types
*** Clocking Loads column represents load cell count that are clock resources (global clock buffer, MMCM, PLL, etc)
**** GT Loads column represents load cell count of GT types


+----+-----+----+-----------------------+
|    | X0  | X1 | HORIZONTAL PROG DELAY |
+----+-----+----+-----------------------+
| Y4 |   0 |  0 |                     0 |
| Y3 |  48 |  0 |                     0 |
| Y2 |  56 |  0 |                     0 |
| Y1 |   0 |  0 |                     0 |
| Y0 |   0 |  0 |                     0 |
+----+-----+----+-----------------------+


12. Device Cell Placement Summary for Global Clock g6
-----------------------------------------------------

+-----------+-----------------+-------------------+-------+-------------+---------------+-------------+----------+----------------+----------+-----------------------------------------------------------------------------+
| Global Id | Driver Type/Pin | Driver Region (D) | Clock | Period (ns) | Waveform (ns) | Slice Loads | IO Loads | Clocking Loads | GT Loads | Net                                                                         |
+-----------+-----------------+-------------------+-------+-------------+---------------+-------------+----------+----------------+----------+-----------------------------------------------------------------------------+
| g6        | BUFG/O          | n/a               |       |             |               |          95 |        0 |              0 |        0 | mopshub_board_v2_i/mopshub_top_board_16_0/inst/seu_shift_combined0/clk_BUFG |
+-----------+-----------------+-------------------+-------+-------------+---------------+-------------+----------+----------------+----------+-----------------------------------------------------------------------------+
* Slice Loads column represents load cell count of all cell types other than IO, GT and clock resources
** IO Loads column represents load cell count of IO types
*** Clocking Loads column represents load cell count that are clock resources (global clock buffer, MMCM, PLL, etc)
**** GT Loads column represents load cell count of GT types


+----+-----+----+-----------------------+
|    | X0  | X1 | HORIZONTAL PROG DELAY |
+----+-----+----+-----------------------+
| Y4 |  95 |  0 |                     0 |
| Y3 |   0 |  0 |                     0 |
| Y2 |   0 |  0 |                     0 |
| Y1 |   0 |  0 |                     0 |
| Y0 |   0 |  0 |                     0 |
+----+-----+----+-----------------------+


13. Device Cell Placement Summary for Global Clock g7
-----------------------------------------------------

+-----------+-----------------+-------------------+----------------------------------------+-------------+---------------+-------------+----------+----------------+----------+----------------------------------------------------------------------------------+
| Global Id | Driver Type/Pin | Driver Region (D) | Clock                                  | Period (ns) | Waveform (ns) | Slice Loads | IO Loads | Clocking Loads | GT Loads | Net                                                                              |
+-----------+-----------------+-------------------+----------------------------------------+-------------+---------------+-------------+----------+----------------+----------+----------------------------------------------------------------------------------+
| g7        | BUFH/O          | X0Y2              | clk_rx_m_mopshub_board_v2_clk_wiz_s1_0 |       6.250 | {0.000 3.125} |           8 |        0 |              0 |        0 | mopshub_board_v2_i/clk_wiz_s1/inst/clk_rx_m_mopshub_board_v2_clk_wiz_s1_0_en_clk |
+-----------+-----------------+-------------------+----------------------------------------+-------------+---------------+-------------+----------+----------------+----------+----------------------------------------------------------------------------------+
* Slice Loads column represents load cell count of all cell types other than IO, GT and clock resources
** IO Loads column represents load cell count of IO types
*** Clocking Loads column represents load cell count that are clock resources (global clock buffer, MMCM, PLL, etc)
**** GT Loads column represents load cell count of GT types


+----+--------+----+-----------------------+
|    | X0     | X1 | HORIZONTAL PROG DELAY |
+----+--------+----+-----------------------+
| Y4 |      0 |  0 |                     0 |
| Y3 |      0 |  0 |                     0 |
| Y2 |  (D) 8 |  0 |                     0 |
| Y1 |      0 |  0 |                     0 |
| Y0 |      0 |  0 |                     0 |
+----+--------+----+-----------------------+


14. Device Cell Placement Summary for Global Clock g8
-----------------------------------------------------

+-----------+-----------------+-------------------+----------------------------------------+-------------+---------------+-------------+----------+----------------+----------+---------------------------------------------+
| Global Id | Driver Type/Pin | Driver Region (D) | Clock                                  | Period (ns) | Waveform (ns) | Slice Loads | IO Loads | Clocking Loads | GT Loads | Net                                         |
+-----------+-----------------+-------------------+----------------------------------------+-------------+---------------+-------------+----------+----------------+----------+---------------------------------------------+
| g8        | BUFGCTRL/O      | n/a               | clk_rx_m_mopshub_board_v2_clk_wiz_s1_0 |       6.250 | {0.000 3.125} |           0 |        1 |              0 |        0 | mopshub_board_v2_i/clk_wiz_s1/inst/clk_rx_m |
+-----------+-----------------+-------------------+----------------------------------------+-------------+---------------+-------------+----------+----------------+----------+---------------------------------------------+
* Slice Loads column represents load cell count of all cell types other than IO, GT and clock resources
** IO Loads column represents load cell count of IO types
*** Clocking Loads column represents load cell count that are clock resources (global clock buffer, MMCM, PLL, etc)
**** GT Loads column represents load cell count of GT types


+----+----+----+-----------------------+
|    | X0 | X1 | HORIZONTAL PROG DELAY |
+----+----+----+-----------------------+
| Y4 |  0 |  0 |                     0 |
| Y3 |  0 |  0 |                     0 |
| Y2 |  0 |  1 |                     0 |
| Y1 |  0 |  0 |                     0 |
| Y0 |  0 |  0 |                     0 |
+----+----+----+-----------------------+


15. Device Cell Placement Summary for Global Clock g9
-----------------------------------------------------

+-----------+-----------------+-------------------+----------------------------------------+-------------+---------------+-------------+----------+----------------+----------+----------------------------------------------------------------------------------+
| Global Id | Driver Type/Pin | Driver Region (D) | Clock                                  | Period (ns) | Waveform (ns) | Slice Loads | IO Loads | Clocking Loads | GT Loads | Net                                                                              |
+-----------+-----------------+-------------------+----------------------------------------+-------------+---------------+-------------+----------+----------------+----------+----------------------------------------------------------------------------------+
| g9        | BUFH/O          | X0Y2              | clk_tx_m_mopshub_board_v2_clk_wiz_s1_0 |      12.500 | {0.000 6.250} |           8 |        0 |              0 |        0 | mopshub_board_v2_i/clk_wiz_s1/inst/clk_tx_m_mopshub_board_v2_clk_wiz_s1_0_en_clk |
+-----------+-----------------+-------------------+----------------------------------------+-------------+---------------+-------------+----------+----------------+----------+----------------------------------------------------------------------------------+
* Slice Loads column represents load cell count of all cell types other than IO, GT and clock resources
** IO Loads column represents load cell count of IO types
*** Clocking Loads column represents load cell count that are clock resources (global clock buffer, MMCM, PLL, etc)
**** GT Loads column represents load cell count of GT types


+----+--------+----+-----------------------+
|    | X0     | X1 | HORIZONTAL PROG DELAY |
+----+--------+----+-----------------------+
| Y4 |      0 |  0 |                     0 |
| Y3 |      0 |  0 |                     0 |
| Y2 |  (D) 8 |  0 |                     0 |
| Y1 |      0 |  0 |                     0 |
| Y0 |      0 |  0 |                     0 |
+----+--------+----+-----------------------+


16. Device Cell Placement Summary for Global Clock g10
------------------------------------------------------

+-----------+-----------------+-------------------+----------------------------------------+-------------+---------------+-------------+----------+----------------+----------+---------------------------------------------+
| Global Id | Driver Type/Pin | Driver Region (D) | Clock                                  | Period (ns) | Waveform (ns) | Slice Loads | IO Loads | Clocking Loads | GT Loads | Net                                         |
+-----------+-----------------+-------------------+----------------------------------------+-------------+---------------+-------------+----------+----------------+----------+---------------------------------------------+
| g10       | BUFGCTRL/O      | n/a               | clk_tx_m_mopshub_board_v2_clk_wiz_s1_0 |      12.500 | {0.000 6.250} |           0 |        1 |              0 |        0 | mopshub_board_v2_i/clk_wiz_s1/inst/clk_tx_m |
+-----------+-----------------+-------------------+----------------------------------------+-------------+---------------+-------------+----------+----------------+----------+---------------------------------------------+
* Slice Loads column represents load cell count of all cell types other than IO, GT and clock resources
** IO Loads column represents load cell count of IO types
*** Clocking Loads column represents load cell count that are clock resources (global clock buffer, MMCM, PLL, etc)
**** GT Loads column represents load cell count of GT types


+----+----+----+-----------------------+
|    | X0 | X1 | HORIZONTAL PROG DELAY |
+----+----+----+-----------------------+
| Y4 |  0 |  0 |                     0 |
| Y3 |  0 |  0 |                     0 |
| Y2 |  0 |  1 |                     0 |
| Y1 |  0 |  0 |                     0 |
| Y0 |  0 |  0 |                     0 |
+----+----+----+-----------------------+


17. Device Cell Placement Summary for Global Clock g11
------------------------------------------------------

+-----------+-----------------+-------------------+------------------------------------+-------------+---------------+-------------+----------+----------------+----------+-----------------------------------------+
| Global Id | Driver Type/Pin | Driver Region (D) | Clock                              | Period (ns) | Waveform (ns) | Slice Loads | IO Loads | Clocking Loads | GT Loads | Net                                     |
+-----------+-----------------+-------------------+------------------------------------+-------------+---------------+-------------+----------+----------------+----------+-----------------------------------------+
| g11       | BUFG/O          | n/a               | clk_m_mopshub_board_v2_clk_wiz_s_0 |      12.500 | {0.000 6.250} |           1 |        0 |              0 |        0 | mopshub_board_v2_i/clk_wiz_s/inst/clk_m |
+-----------+-----------------+-------------------+------------------------------------+-------------+---------------+-------------+----------+----------------+----------+-----------------------------------------+
* Slice Loads column represents load cell count of all cell types other than IO, GT and clock resources
** IO Loads column represents load cell count of IO types
*** Clocking Loads column represents load cell count that are clock resources (global clock buffer, MMCM, PLL, etc)
**** GT Loads column represents load cell count of GT types


+----+----+----+-----------------------+
|    | X0 | X1 | HORIZONTAL PROG DELAY |
+----+----+----+-----------------------+
| Y4 |  0 |  0 |                     0 |
| Y3 |  0 |  0 |                     0 |
| Y2 |  0 |  1 |                     0 |
| Y1 |  0 |  0 |                     0 |
| Y0 |  0 |  0 |                     0 |
+----+----+----+-----------------------+


18. Device Cell Placement Summary for Global Clock g12
------------------------------------------------------

+-----------+-----------------+-------------------+---------------------------------------+-------------+----------------+-------------+----------+----------------+----------+-----------------------------------------------------------------------------+
| Global Id | Driver Type/Pin | Driver Region (D) | Clock                                 | Period (ns) | Waveform (ns)  | Slice Loads | IO Loads | Clocking Loads | GT Loads | Net                                                                         |
+-----------+-----------------+-------------------+---------------------------------------+-------------+----------------+-------------+----------+----------------+----------+-----------------------------------------------------------------------------+
| g12       | BUFG/O          | n/a               | clkfbout_mopshub_board_v2_clk_wiz_s_0 |      25.000 | {0.000 12.500} |           0 |        0 |              1 |        0 | mopshub_board_v2_i/clk_wiz_s/inst/clkfbout_buf_mopshub_board_v2_clk_wiz_s_0 |
+-----------+-----------------+-------------------+---------------------------------------+-------------+----------------+-------------+----------+----------------+----------+-----------------------------------------------------------------------------+
* Slice Loads column represents load cell count of all cell types other than IO, GT and clock resources
** IO Loads column represents load cell count of IO types
*** Clocking Loads column represents load cell count that are clock resources (global clock buffer, MMCM, PLL, etc)
**** GT Loads column represents load cell count of GT types


+----+----+----+-----------------------+
|    | X0 | X1 | HORIZONTAL PROG DELAY |
+----+----+----+-----------------------+
| Y4 |  0 |  0 |                     0 |
| Y3 |  0 |  0 |                     0 |
| Y2 |  0 |  0 |                     0 |
| Y1 |  0 |  0 |                     0 |
| Y0 |  0 |  1 |                     0 |
+----+----+----+-----------------------+


19. Device Cell Placement Summary for Global Clock g13
------------------------------------------------------

+-----------+-----------------+-------------------+----------------------------------------+-------------+---------------+-------------+----------+----------------+----------+-------------------------------------------------------------------------------+
| Global Id | Driver Type/Pin | Driver Region (D) | Clock                                  | Period (ns) | Waveform (ns) | Slice Loads | IO Loads | Clocking Loads | GT Loads | Net                                                                           |
+-----------+-----------------+-------------------+----------------------------------------+-------------+---------------+-------------+----------+----------------+----------+-------------------------------------------------------------------------------+
| g13       | BUFG/O          | n/a               | clkfbout_mopshub_board_v2_clk_wiz_s1_0 |      12.500 | {0.000 6.250} |           0 |        0 |              1 |        0 | mopshub_board_v2_i/clk_wiz_s1/inst/clkfbout_buf_mopshub_board_v2_clk_wiz_s1_0 |
+-----------+-----------------+-------------------+----------------------------------------+-------------+---------------+-------------+----------+----------------+----------+-------------------------------------------------------------------------------+
* Slice Loads column represents load cell count of all cell types other than IO, GT and clock resources
** IO Loads column represents load cell count of IO types
*** Clocking Loads column represents load cell count that are clock resources (global clock buffer, MMCM, PLL, etc)
**** GT Loads column represents load cell count of GT types


+----+----+----+-----------------------+
|    | X0 | X1 | HORIZONTAL PROG DELAY |
+----+----+----+-----------------------+
| Y4 |  0 |  0 |                     0 |
| Y3 |  0 |  0 |                     0 |
| Y2 |  0 |  1 |                     0 |
| Y1 |  0 |  0 |                     0 |
| Y0 |  0 |  0 |                     0 |
+----+----+----+-----------------------+


20. Clock Region Cell Placement per Global Clock: Region X1Y0
-------------------------------------------------------------

+-----------+-------+-----------------+------------+-------------+-----------------+----+--------+------+-----+----+------+-----+---------+-----------------------------------------------------------------------------+
| Global Id | Track | Driver Type/Pin | Constraint | Clock Loads | Non-Clock Loads | FF | LUTRAM | RAMB | DSP | GT | MMCM | PLL | Hard IP | Net                                                                         |
+-----------+-------+-----------------+------------+-------------+-----------------+----+--------+------+-----+----+------+-----+---------+-----------------------------------------------------------------------------+
| g12       | n/a   | BUFG/O          | None       |           1 |               0 |  0 |      0 |    0 |   0 |  0 |    1 |   0 |       0 | mopshub_board_v2_i/clk_wiz_s/inst/clkfbout_buf_mopshub_board_v2_clk_wiz_s_0 |
+-----------+-------+-----------------+------------+-------------+-----------------+----+--------+------+-----+----+------+-----+---------+-----------------------------------------------------------------------------+
* Clock Loads column represents the clock pin loads (pin count)
** Non-Clock Loads column represents the non-clock pin loads (pin count)
*** Columns FF, LUTRAM, RAMB through 'Hard IP' represents load cell counts


21. Clock Region Cell Placement per Global Clock: Region X0Y1
-------------------------------------------------------------

+-----------+-------+-----------------+------------+-------------+-----------------+------+--------+------+-----+----+------+-----+---------+------------------------------------------+
| Global Id | Track | Driver Type/Pin | Constraint | Clock Loads | Non-Clock Loads | FF   | LUTRAM | RAMB | DSP | GT | MMCM | PLL | Hard IP | Net                                      |
+-----------+-------+-----------------+------------+-------------+-----------------+------+--------+------+-----+----+------+-----+---------+------------------------------------------+
| g0        | n/a   | BUFG/O          | None       |        3028 |               1 | 2963 |     64 |    0 |   0 |  0 |    0 |   0 |       0 | mopshub_board_v2_i/clk_wiz_s/inst/clk_40 |
+-----------+-------+-----------------+------------+-------------+-----------------+------+--------+------+-----+----+------+-----+---------+------------------------------------------+
* Clock Loads column represents the clock pin loads (pin count)
** Non-Clock Loads column represents the non-clock pin loads (pin count)
*** Columns FF, LUTRAM, RAMB through 'Hard IP' represents load cell counts


22. Clock Region Cell Placement per Global Clock: Region X0Y2
-------------------------------------------------------------

+-----------+-------+-----------------+------------+-------------+-----------------+------+--------+------+-----+----+------+-----+---------+-----------------------------------------------------------------------------------+
| Global Id | Track | Driver Type/Pin | Constraint | Clock Loads | Non-Clock Loads | FF   | LUTRAM | RAMB | DSP | GT | MMCM | PLL | Hard IP | Net                                                                               |
+-----------+-------+-----------------+------------+-------------+-----------------+------+--------+------+-----+----+------+-----+---------+-----------------------------------------------------------------------------------+
| g0        | n/a   | BUFG/O          | None       |        4834 |               0 | 4786 |     44 |    0 |   0 |  0 |    1 |   0 |       0 | mopshub_board_v2_i/clk_wiz_s/inst/clk_40                                          |
| g1        | n/a   | BUFG/O          | None       |         536 |               0 |  524 |      1 |    8 |   0 |  0 |    0 |   0 |       0 | mopshub_board_v2_i/clk_wiz_0/inst/clk_100                                         |
| g2        | n/a   | BUFG/O          | None       |         462 |               0 |  462 |      0 |    0 |   0 |  0 |    0 |   0 |       0 | dbg_hub/inst/BSCANID.u_xsdbm_id/itck_i                                            |
| g3        | n/a   | BUFGCTRL/O      | None       |         166 |               0 |  164 |      0 |    0 |   0 |  0 |    0 |   0 |       0 | mopshub_board_v2_i/clk_wiz_s1/inst/clk_elink                                      |
| g5        | n/a   | BUFG/O          | None       |          56 |               0 |   56 |      0 |    0 |   0 |  0 |    0 |   0 |       0 | mopshub_board_v2_i/clk_wiz_s/inst/clk_uart                                        |
| g4        | n/a   | BUFH/O          | None       |           8 |               0 |    8 |      0 |    0 |   0 |  0 |    0 |   0 |       0 | mopshub_board_v2_i/clk_wiz_s1/inst/clk_elink_mopshub_board_v2_clk_wiz_s1_0_en_clk |
| g7        | n/a   | BUFH/O          | None       |           8 |               0 |    8 |      0 |    0 |   0 |  0 |    0 |   0 |       0 | mopshub_board_v2_i/clk_wiz_s1/inst/clk_rx_m_mopshub_board_v2_clk_wiz_s1_0_en_clk  |
| g9        | n/a   | BUFH/O          | None       |           8 |               0 |    8 |      0 |    0 |   0 |  0 |    0 |   0 |       0 | mopshub_board_v2_i/clk_wiz_s1/inst/clk_tx_m_mopshub_board_v2_clk_wiz_s1_0_en_clk  |
+-----------+-------+-----------------+------------+-------------+-----------------+------+--------+------+-----+----+------+-----+---------+-----------------------------------------------------------------------------------+
* Clock Loads column represents the clock pin loads (pin count)
** Non-Clock Loads column represents the non-clock pin loads (pin count)
*** Columns FF, LUTRAM, RAMB through 'Hard IP' represents load cell counts


23. Clock Region Cell Placement per Global Clock: Region X1Y2
-------------------------------------------------------------

+-----------+-------+-----------------+------------+-------------+-----------------+------+--------+------+-----+----+------+-----+---------+-------------------------------------------------------------------------------+
| Global Id | Track | Driver Type/Pin | Constraint | Clock Loads | Non-Clock Loads | FF   | LUTRAM | RAMB | DSP | GT | MMCM | PLL | Hard IP | Net                                                                           |
+-----------+-------+-----------------+------------+-------------+-----------------+------+--------+------+-----+----+------+-----+---------+-------------------------------------------------------------------------------+
| g0        | n/a   | BUFG/O          | None       |        1204 |               0 | 1203 |      1 |    0 |   0 |  0 |    0 |   0 |       0 | mopshub_board_v2_i/clk_wiz_s/inst/clk_40                                      |
| g3        | n/a   | BUFGCTRL/O      | None       |           4 |               0 |    2 |      0 |    0 |   0 |  0 |    0 |   0 |       0 | mopshub_board_v2_i/clk_wiz_s1/inst/clk_elink                                  |
| g8        | n/a   | BUFGCTRL/O      | None       |           1 |               0 |    0 |      0 |    0 |   0 |  0 |    0 |   0 |       0 | mopshub_board_v2_i/clk_wiz_s1/inst/clk_rx_m                                   |
| g11       | n/a   | BUFG/O          | None       |           1 |               0 |    0 |      0 |    0 |   0 |  0 |    0 |   0 |       0 | mopshub_board_v2_i/clk_wiz_s/inst/clk_m                                       |
| g10       | n/a   | BUFGCTRL/O      | None       |           1 |               0 |    0 |      0 |    0 |   0 |  0 |    0 |   0 |       0 | mopshub_board_v2_i/clk_wiz_s1/inst/clk_tx_m                                   |
| g13       | n/a   | BUFG/O          | None       |           1 |               0 |    0 |      0 |    0 |   0 |  0 |    1 |   0 |       0 | mopshub_board_v2_i/clk_wiz_s1/inst/clkfbout_buf_mopshub_board_v2_clk_wiz_s1_0 |
+-----------+-------+-----------------+------------+-------------+-----------------+------+--------+------+-----+----+------+-----+---------+-------------------------------------------------------------------------------+
* Clock Loads column represents the clock pin loads (pin count)
** Non-Clock Loads column represents the non-clock pin loads (pin count)
*** Columns FF, LUTRAM, RAMB through 'Hard IP' represents load cell counts


24. Clock Region Cell Placement per Global Clock: Region X0Y3
-------------------------------------------------------------

+-----------+-------+-----------------+------------+-------------+-----------------+------+--------+------+-----+----+------+-----+---------+--------------------------------------------+
| Global Id | Track | Driver Type/Pin | Constraint | Clock Loads | Non-Clock Loads | FF   | LUTRAM | RAMB | DSP | GT | MMCM | PLL | Hard IP | Net                                        |
+-----------+-------+-----------------+------------+-------------+-----------------+------+--------+------+-----+----+------+-----+---------+--------------------------------------------+
| g0        | n/a   | BUFG/O          | None       |        4093 |               0 | 4092 |      0 |    0 |   0 |  0 |    0 |   0 |       0 | mopshub_board_v2_i/clk_wiz_s/inst/clk_40   |
| g5        | n/a   | BUFG/O          | None       |          48 |               0 |   48 |      0 |    0 |   0 |  0 |    0 |   0 |       0 | mopshub_board_v2_i/clk_wiz_s/inst/clk_uart |
+-----------+-------+-----------------+------------+-------------+-----------------+------+--------+------+-----+----+------+-----+---------+--------------------------------------------+
* Clock Loads column represents the clock pin loads (pin count)
** Non-Clock Loads column represents the non-clock pin loads (pin count)
*** Columns FF, LUTRAM, RAMB through 'Hard IP' represents load cell counts


25. Clock Region Cell Placement per Global Clock: Region X1Y3
-------------------------------------------------------------

+-----------+-------+-----------------+------------+-------------+-----------------+------+--------+------+-----+----+------+-----+---------+------------------------------------------+
| Global Id | Track | Driver Type/Pin | Constraint | Clock Loads | Non-Clock Loads | FF   | LUTRAM | RAMB | DSP | GT | MMCM | PLL | Hard IP | Net                                      |
+-----------+-------+-----------------+------------+-------------+-----------------+------+--------+------+-----+----+------+-----+---------+------------------------------------------+
| g0        | n/a   | BUFG/O          | None       |        3947 |               0 | 3947 |      0 |    0 |   0 |  0 |    0 |   0 |       0 | mopshub_board_v2_i/clk_wiz_s/inst/clk_40 |
+-----------+-------+-----------------+------------+-------------+-----------------+------+--------+------+-----+----+------+-----+---------+------------------------------------------+
* Clock Loads column represents the clock pin loads (pin count)
** Non-Clock Loads column represents the non-clock pin loads (pin count)
*** Columns FF, LUTRAM, RAMB through 'Hard IP' represents load cell counts


26. Clock Region Cell Placement per Global Clock: Region X0Y4
-------------------------------------------------------------

+-----------+-------+-----------------+------------+-------------+-----------------+----+--------+------+-----+----+------+-----+---------+-----------------------------------------------------------------------------+
| Global Id | Track | Driver Type/Pin | Constraint | Clock Loads | Non-Clock Loads | FF | LUTRAM | RAMB | DSP | GT | MMCM | PLL | Hard IP | Net                                                                         |
+-----------+-------+-----------------+------------+-------------+-----------------+----+--------+------+-----+----+------+-----+---------+-----------------------------------------------------------------------------+
| g0        | n/a   | BUFG/O          | None       |          16 |               0 | 16 |      0 |    0 |   0 |  0 |    0 |   0 |       0 | mopshub_board_v2_i/clk_wiz_s/inst/clk_40                                    |
| g6        | n/a   | BUFG/O          | None       |          95 |               0 |  1 |     94 |    0 |   0 |  0 |    0 |   0 |       0 | mopshub_board_v2_i/mopshub_top_board_16_0/inst/seu_shift_combined0/clk_BUFG |
+-----------+-------+-----------------+------------+-------------+-----------------+----+--------+------+-----+----+------+-----+---------+-----------------------------------------------------------------------------+
* Clock Loads column represents the clock pin loads (pin count)
** Non-Clock Loads column represents the non-clock pin loads (pin count)
*** Columns FF, LUTRAM, RAMB through 'Hard IP' represents load cell counts



# Location of BUFG Primitives 
set_property LOC BUFGCTRL_X0Y8 [get_cells mopshub_board_v2_i/mopshub_top_board_16_0/inst/seu_shift_combined0/clk_BUFG_inst]
set_property LOC BUFGCTRL_X0Y10 [get_cells mopshub_board_v2_i/clk_wiz_s1/inst/clkf_buf]
set_property LOC BUFGCTRL_X0Y4 [get_cells mopshub_board_v2_i/clk_wiz_s1/inst/clkout2_buf]
set_property LOC BUFGCTRL_X0Y5 [get_cells mopshub_board_v2_i/clk_wiz_s1/inst/clkout3_buf]
set_property LOC BUFGCTRL_X0Y2 [get_cells mopshub_board_v2_i/clk_wiz_s1/inst/clkout1_buf]
set_property LOC BUFGCTRL_X0Y9 [get_cells mopshub_board_v2_i/clk_wiz_s/inst/clkf_buf]
set_property LOC BUFGCTRL_X0Y7 [get_cells mopshub_board_v2_i/clk_wiz_s/inst/clkout3_buf]
set_property LOC BUFGCTRL_X0Y3 [get_cells mopshub_board_v2_i/clk_wiz_s/inst/clkout2_buf]
set_property LOC BUFGCTRL_X0Y0 [get_cells mopshub_board_v2_i/clk_wiz_s/inst/clkout1_buf]
set_property LOC BUFGCTRL_X0Y1 [get_cells mopshub_board_v2_i/clk_wiz_0/inst/clkout1_buf]
set_property LOC BUFGCTRL_X0Y6 [get_cells dbg_hub/inst/BSCANID.u_xsdbm_id/SWITCH_N_EXT_BSCAN.u_bufg_icon_tck]

# Location of BUFH Primitives 
set_property LOC BUFHCE_X0Y25 [get_cells mopshub_board_v2_i/clk_wiz_s1/inst/clkout2_buf_en]
set_property LOC BUFHCE_X0Y26 [get_cells mopshub_board_v2_i/clk_wiz_s1/inst/clkout3_buf_en]
set_property LOC BUFHCE_X0Y24 [get_cells mopshub_board_v2_i/clk_wiz_s1/inst/clkout1_buf_en]

# Location of IO Primitives which is load of clock spine
set_property LOC IOB_X0Y86 [get_cells WDI_0_OBUF_inst]

# Location of clock ports
set_property LOC IOB_X1Y125 [get_ports clk_ext_clk_n]
set_property LOC IOB_X1Y126 [get_ports clk_ext_clk_p]
set_property LOC IOB_X0Y173 [get_ports clk_sys]
set_property LOC IOB_X0Y221 [get_ports shift_clk_0]

# Clock net "mopshub_board_v2_i/mopshub_top_board_16_0/inst/seu_shift_combined0/clk_BUFG" driven by instance "mopshub_board_v2_i/mopshub_top_board_16_0/inst/seu_shift_combined0/clk_BUFG_inst" located at site "BUFGCTRL_X0Y8"
#startgroup
create_pblock {CLKAG_mopshub_board_v2_i/mopshub_top_board_16_0/inst/seu_shift_combined0/clk_BUFG}
add_cells_to_pblock [get_pblocks  {CLKAG_mopshub_board_v2_i/mopshub_top_board_16_0/inst/seu_shift_combined0/clk_BUFG}] [get_cells -filter { PRIMITIVE_GROUP != I/O && IS_PRIMITIVE==1 && PRIMITIVE_LEVEL !=INTERNAL } -of_object [get_pins -filter {DIRECTION==IN} -of_objects [get_nets -hierarchical -filter {PARENT=="mopshub_board_v2_i/mopshub_top_board_16_0/inst/seu_shift_combined0/clk_BUFG"}]]]
resize_pblock [get_pblocks {CLKAG_mopshub_board_v2_i/mopshub_top_board_16_0/inst/seu_shift_combined0/clk_BUFG}] -add {CLOCKREGION_X0Y4:CLOCKREGION_X0Y4}
#endgroup

# Clock net "mopshub_board_v2_i/clk_wiz_s1/inst/clk_tx_m_mopshub_board_v2_clk_wiz_s1_0_en_clk" driven by instance "mopshub_board_v2_i/clk_wiz_s1/inst/clkout2_buf_en" located at site "BUFHCE_X0Y25"
#startgroup
create_pblock {CLKAG_mopshub_board_v2_i/clk_wiz_s1/inst/clk_tx_m_mopshub_board_v2_clk_wiz_s1_0_en_clk}
add_cells_to_pblock [get_pblocks  {CLKAG_mopshub_board_v2_i/clk_wiz_s1/inst/clk_tx_m_mopshub_board_v2_clk_wiz_s1_0_en_clk}] [get_cells -filter { PRIMITIVE_GROUP != I/O && IS_PRIMITIVE==1 && PRIMITIVE_LEVEL !=INTERNAL } -of_object [get_pins -filter {DIRECTION==IN} -of_objects [get_nets -hierarchical -filter {PARENT=="mopshub_board_v2_i/clk_wiz_s1/inst/clk_tx_m_mopshub_board_v2_clk_wiz_s1_0_en_clk"}]]]
resize_pblock [get_pblocks {CLKAG_mopshub_board_v2_i/clk_wiz_s1/inst/clk_tx_m_mopshub_board_v2_clk_wiz_s1_0_en_clk}] -add {CLOCKREGION_X0Y2:CLOCKREGION_X0Y2}
#endgroup

# Clock net "mopshub_board_v2_i/clk_wiz_s1/inst/clk_tx_m" driven by instance "mopshub_board_v2_i/clk_wiz_s1/inst/clkout2_buf" located at site "BUFGCTRL_X0Y4"
#startgroup
create_pblock {CLKAG_mopshub_board_v2_i/clk_wiz_s1/inst/clk_tx_m}
add_cells_to_pblock [get_pblocks  {CLKAG_mopshub_board_v2_i/clk_wiz_s1/inst/clk_tx_m}] [get_cells -filter { PRIMITIVE_GROUP != I/O && IS_PRIMITIVE==1 && PRIMITIVE_LEVEL !=INTERNAL } -of_object [get_pins -filter {DIRECTION==IN} -of_objects [get_nets -hierarchical -filter {PARENT=="mopshub_board_v2_i/clk_wiz_s1/inst/clk_tx_m"}]]]
resize_pblock [get_pblocks {CLKAG_mopshub_board_v2_i/clk_wiz_s1/inst/clk_tx_m}] -add {CLOCKREGION_X1Y2:CLOCKREGION_X1Y2}
#endgroup

# Clock net "mopshub_board_v2_i/clk_wiz_s1/inst/clk_rx_m_mopshub_board_v2_clk_wiz_s1_0_en_clk" driven by instance "mopshub_board_v2_i/clk_wiz_s1/inst/clkout3_buf_en" located at site "BUFHCE_X0Y26"
#startgroup
create_pblock {CLKAG_mopshub_board_v2_i/clk_wiz_s1/inst/clk_rx_m_mopshub_board_v2_clk_wiz_s1_0_en_clk}
add_cells_to_pblock [get_pblocks  {CLKAG_mopshub_board_v2_i/clk_wiz_s1/inst/clk_rx_m_mopshub_board_v2_clk_wiz_s1_0_en_clk}] [get_cells -filter { PRIMITIVE_GROUP != I/O && IS_PRIMITIVE==1 && PRIMITIVE_LEVEL !=INTERNAL } -of_object [get_pins -filter {DIRECTION==IN} -of_objects [get_nets -hierarchical -filter {PARENT=="mopshub_board_v2_i/clk_wiz_s1/inst/clk_rx_m_mopshub_board_v2_clk_wiz_s1_0_en_clk"}]]]
resize_pblock [get_pblocks {CLKAG_mopshub_board_v2_i/clk_wiz_s1/inst/clk_rx_m_mopshub_board_v2_clk_wiz_s1_0_en_clk}] -add {CLOCKREGION_X0Y2:CLOCKREGION_X0Y2}
#endgroup

# Clock net "mopshub_board_v2_i/clk_wiz_s1/inst/clk_rx_m" driven by instance "mopshub_board_v2_i/clk_wiz_s1/inst/clkout3_buf" located at site "BUFGCTRL_X0Y5"
#startgroup
create_pblock {CLKAG_mopshub_board_v2_i/clk_wiz_s1/inst/clk_rx_m}
add_cells_to_pblock [get_pblocks  {CLKAG_mopshub_board_v2_i/clk_wiz_s1/inst/clk_rx_m}] [get_cells -filter { PRIMITIVE_GROUP != I/O && IS_PRIMITIVE==1 && PRIMITIVE_LEVEL !=INTERNAL } -of_object [get_pins -filter {DIRECTION==IN} -of_objects [get_nets -hierarchical -filter {PARENT=="mopshub_board_v2_i/clk_wiz_s1/inst/clk_rx_m"}]]]
resize_pblock [get_pblocks {CLKAG_mopshub_board_v2_i/clk_wiz_s1/inst/clk_rx_m}] -add {CLOCKREGION_X1Y2:CLOCKREGION_X1Y2}
#endgroup

# Clock net "mopshub_board_v2_i/clk_wiz_s1/inst/clk_elink_mopshub_board_v2_clk_wiz_s1_0_en_clk" driven by instance "mopshub_board_v2_i/clk_wiz_s1/inst/clkout1_buf_en" located at site "BUFHCE_X0Y24"
#startgroup
create_pblock {CLKAG_mopshub_board_v2_i/clk_wiz_s1/inst/clk_elink_mopshub_board_v2_clk_wiz_s1_0_en_clk}
add_cells_to_pblock [get_pblocks  {CLKAG_mopshub_board_v2_i/clk_wiz_s1/inst/clk_elink_mopshub_board_v2_clk_wiz_s1_0_en_clk}] [get_cells -filter { PRIMITIVE_GROUP != I/O && IS_PRIMITIVE==1 && PRIMITIVE_LEVEL !=INTERNAL } -of_object [get_pins -filter {DIRECTION==IN} -of_objects [get_nets -hierarchical -filter {PARENT=="mopshub_board_v2_i/clk_wiz_s1/inst/clk_elink_mopshub_board_v2_clk_wiz_s1_0_en_clk"}]]]
resize_pblock [get_pblocks {CLKAG_mopshub_board_v2_i/clk_wiz_s1/inst/clk_elink_mopshub_board_v2_clk_wiz_s1_0_en_clk}] -add {CLOCKREGION_X0Y2:CLOCKREGION_X0Y2}
#endgroup

# Clock net "mopshub_board_v2_i/clk_wiz_s1/inst/clk_elink" driven by instance "mopshub_board_v2_i/clk_wiz_s1/inst/clkout1_buf" located at site "BUFGCTRL_X0Y2"
#startgroup
create_pblock {CLKAG_mopshub_board_v2_i/clk_wiz_s1/inst/clk_elink}
add_cells_to_pblock [get_pblocks  {CLKAG_mopshub_board_v2_i/clk_wiz_s1/inst/clk_elink}] [get_cells -filter { PRIMITIVE_GROUP != I/O && IS_PRIMITIVE==1 && PRIMITIVE_LEVEL !=INTERNAL } -of_object [get_pins -filter {DIRECTION==IN} -of_objects [get_nets -hierarchical -filter {PARENT=="mopshub_board_v2_i/clk_wiz_s1/inst/clk_elink"}]]]
resize_pblock [get_pblocks {CLKAG_mopshub_board_v2_i/clk_wiz_s1/inst/clk_elink}] -add {CLOCKREGION_X0Y2:CLOCKREGION_X0Y2 CLOCKREGION_X1Y2:CLOCKREGION_X1Y2}
#endgroup

# Clock net "mopshub_board_v2_i/clk_wiz_s/inst/clk_uart" driven by instance "mopshub_board_v2_i/clk_wiz_s/inst/clkout3_buf" located at site "BUFGCTRL_X0Y7"
#startgroup
create_pblock {CLKAG_mopshub_board_v2_i/clk_wiz_s/inst/clk_uart}
add_cells_to_pblock [get_pblocks  {CLKAG_mopshub_board_v2_i/clk_wiz_s/inst/clk_uart}] [get_cells -filter { PRIMITIVE_GROUP != I/O && IS_PRIMITIVE==1 && PRIMITIVE_LEVEL !=INTERNAL } -of_object [get_pins -filter {DIRECTION==IN} -of_objects [get_nets -hierarchical -filter {PARENT=="mopshub_board_v2_i/clk_wiz_s/inst/clk_uart"}]]]
resize_pblock [get_pblocks {CLKAG_mopshub_board_v2_i/clk_wiz_s/inst/clk_uart}] -add {CLOCKREGION_X0Y2:CLOCKREGION_X0Y2 CLOCKREGION_X0Y3:CLOCKREGION_X0Y3}
#endgroup

# Clock net "mopshub_board_v2_i/clk_wiz_s/inst/clk_m" driven by instance "mopshub_board_v2_i/clk_wiz_s/inst/clkout2_buf" located at site "BUFGCTRL_X0Y3"
#startgroup
create_pblock {CLKAG_mopshub_board_v2_i/clk_wiz_s/inst/clk_m}
add_cells_to_pblock [get_pblocks  {CLKAG_mopshub_board_v2_i/clk_wiz_s/inst/clk_m}] [get_cells -filter { PRIMITIVE_GROUP != I/O && IS_PRIMITIVE==1 && PRIMITIVE_LEVEL !=INTERNAL } -of_object [get_pins -filter {DIRECTION==IN} -of_objects [get_nets -hierarchical -filter {PARENT=="mopshub_board_v2_i/clk_wiz_s/inst/clk_m"}]]]
resize_pblock [get_pblocks {CLKAG_mopshub_board_v2_i/clk_wiz_s/inst/clk_m}] -add {CLOCKREGION_X1Y2:CLOCKREGION_X1Y2}
#endgroup

# Clock net "mopshub_board_v2_i/clk_wiz_s/inst/clk_40" driven by instance "mopshub_board_v2_i/clk_wiz_s/inst/clkout1_buf" located at site "BUFGCTRL_X0Y0"
#startgroup
create_pblock {CLKAG_mopshub_board_v2_i/clk_wiz_s/inst/clk_40}
add_cells_to_pblock [get_pblocks  {CLKAG_mopshub_board_v2_i/clk_wiz_s/inst/clk_40}] [get_cells -filter { PRIMITIVE_GROUP != I/O && IS_PRIMITIVE==1 && PRIMITIVE_LEVEL !=INTERNAL && NAME!=mopshub_board_v2_i/clk_wiz_0/inst/mmcm_adv_inst && NAME!=WDI_0_OBUF_inst} -of_object [get_pins -filter {DIRECTION==IN} -of_objects [get_nets -hierarchical -filter {PARENT=="mopshub_board_v2_i/clk_wiz_s/inst/clk_40"}]]]
resize_pblock [get_pblocks {CLKAG_mopshub_board_v2_i/clk_wiz_s/inst/clk_40}] -add {CLOCKREGION_X0Y1:CLOCKREGION_X0Y1 CLOCKREGION_X0Y2:CLOCKREGION_X0Y2 CLOCKREGION_X0Y3:CLOCKREGION_X0Y3 CLOCKREGION_X0Y4:CLOCKREGION_X0Y4 CLOCKREGION_X1Y2:CLOCKREGION_X1Y2 CLOCKREGION_X1Y3:CLOCKREGION_X1Y3}
#endgroup

# Clock net "mopshub_board_v2_i/clk_wiz_0/inst/clk_100" driven by instance "mopshub_board_v2_i/clk_wiz_0/inst/clkout1_buf" located at site "BUFGCTRL_X0Y1"
#startgroup
create_pblock {CLKAG_mopshub_board_v2_i/clk_wiz_0/inst/clk_100}
add_cells_to_pblock [get_pblocks  {CLKAG_mopshub_board_v2_i/clk_wiz_0/inst/clk_100}] [get_cells -filter { PRIMITIVE_GROUP != I/O && IS_PRIMITIVE==1 && PRIMITIVE_LEVEL !=INTERNAL } -of_object [get_pins -filter {DIRECTION==IN} -of_objects [get_nets -hierarchical -filter {PARENT=="mopshub_board_v2_i/clk_wiz_0/inst/clk_100"}]]]
resize_pblock [get_pblocks {CLKAG_mopshub_board_v2_i/clk_wiz_0/inst/clk_100}] -add {CLOCKREGION_X0Y2:CLOCKREGION_X0Y2}
#endgroup

# Clock net "dbg_hub/inst/BSCANID.u_xsdbm_id/itck_i" driven by instance "dbg_hub/inst/BSCANID.u_xsdbm_id/SWITCH_N_EXT_BSCAN.u_bufg_icon_tck" located at site "BUFGCTRL_X0Y6"
#startgroup
create_pblock {CLKAG_dbg_hub/inst/BSCANID.u_xsdbm_id/itck_i}
add_cells_to_pblock [get_pblocks  {CLKAG_dbg_hub/inst/BSCANID.u_xsdbm_id/itck_i}] [get_cells -filter { PRIMITIVE_GROUP != I/O && IS_PRIMITIVE==1 && PRIMITIVE_LEVEL !=INTERNAL } -of_object [get_pins -filter {DIRECTION==IN} -of_objects [get_nets -hierarchical -filter {PARENT=="dbg_hub/inst/BSCANID.u_xsdbm_id/itck_i"}]]]
resize_pblock [get_pblocks {CLKAG_dbg_hub/inst/BSCANID.u_xsdbm_id/itck_i}] -add {CLOCKREGION_X0Y2:CLOCKREGION_X0Y2}
#endgroup
