#-----------------------------------------------------------
# Vivado v2020.2 (64-bit)
# SW Build 3064766 on Wed Nov 18 09:12:47 MST 2020
# IP Build 3064653 on Wed Nov 18 14:17:31 MST 2020
# Start of session at: Thu Jun 13 16:13:34 2024
# Process ID: 4181
# Current directory: /home/dcs/git/mopshub/vivado/mopshub_readout/mopshub_readout/mopshub_readout.runs/mopshub_readout_bd_zynq_ultra_ps_e_0_0_synth_1
# Command line: vivado -log mopshub_readout_bd_zynq_ultra_ps_e_0_0.vds -product Vivado -mode batch -messageDb vivado.pb -notrace -source mopshub_readout_bd_zynq_ultra_ps_e_0_0.tcl
# Log file: /home/dcs/git/mopshub/vivado/mopshub_readout/mopshub_readout/mopshub_readout.runs/mopshub_readout_bd_zynq_ultra_ps_e_0_0_synth_1/mopshub_readout_bd_zynq_ultra_ps_e_0_0.vds
# Journal file: /home/dcs/git/mopshub/vivado/mopshub_readout/mopshub_readout/mopshub_readout.runs/mopshub_readout_bd_zynq_ultra_ps_e_0_0_synth_1/vivado.jou
#-----------------------------------------------------------
source mopshub_readout_bd_zynq_ultra_ps_e_0_0.tcl -notrace
