logic__5: 
datapath__10: 
logic__124: 
case__1: 
reg__52: 
case__29: 
case__17: 
logic__173: 
logic__131: 
case__15: 
reg__23: 
datapath__8: 
reg__13: 
reg__56: 
case__28: 
case__19: 
logic__73: 
case__6: 
case__10: 
case__31: 
case__37: 
logic__22: 
logic__85: 
logic__42: 
reg: 
case__16: 
datapath__1: 
logic__76: 
logic__10: 
case__23: 
sem_v4_1_13_x7_sem_instrom: 
logic__228: 
reg__24: 
logic__107: 
logic__17: 
logic__137: 
muxpart__3: 
logic__222: 
reg__61: 
datapath__6: 
reg__6: 
datapath__4: 
reg__57: 
logic__200: 
reg__25: 
logic__82: 
logic__21: 
logic__180: 
case__12: 
logic__71: 
sem_v4_1_13_x7_sem_cbuffer_mem: 
reg__35: 
logic__62: 
case__25: 
sem_v4_1_13_x7_sem_kcpsm3: 
rom: 
logic__87: 
reg__54: 
logic__79: 
logic__143: 
logic__215: 
reg__31: 
logic__165: 
logic__155: 
logic__146: 
reg__20: 
case__38: 
reg__16: 
case__9: 
logic__57: 
case__14: 
reg__27: 
reg__38: 
logic__135: 
sem_v4_1_13_x7_sem_dbuffer: 
datapath__11: 
logic__18: 
logic__176: 
reg__21: 
reg__1: 
logic__149: 
logic__145: 
reg__17: 
logic__174: 
logic__2: 
logic__86: 
counter__1: 
rom__2: 
reg__40: 
logic__81: 
datapath: 
reg__53: 
case__34: 
case__30: 
case__20: 
logic__133: 
reg__55: 
counter__3: 
reg__19: 
logic__66: 
reg__47: 
logic__227: 
case: 
reg__63: 
logic__147: 
logic__58: 
logic__78: 
reg__42: 
logic__163: 
reg__45: 
reg__39: 
logic__153: 
logic__89: 
logic__136: 
logic__118: 
reg__10: 
reg__3: 
reg__12: 
case__26: 
case__32: 
logic__138: 
case__13: 
logic__156: 
logic__229: 
logic__211: 
reg__9: 
reg__26: 
reg__41: 
reg__22: 
logic__65: 
logic__61: 
rom__3: 
logic__53: 
mopshub_board_v1_sem_controller_wrapp_0_0: 
logic__105: 
logic__212: 
logic__134: 
logic__16: 
reg__48: 
case__11: 
counter__4: 
reg__59: 
logic__199: 
reg__36: 
case__22: 
datapath__2: 
case__3: 
reg__34: 
logic__15: 
logic__106: 
case__39: 
sem_0_sem_mon_fifo: 
case__27: 
case__2: 
reg__58: 
logic__150: 
datapath__9: 
reg__62: 
logic__170: 
sem_v4_1_13_x7_sem_cbuffer: 
logic__102: 
reg__18: 
logic__49: 
case__33: 
reg__15: 
logic__218: 
muxpart__2: 
reg__30: 
logic__41: 
case__8: 
logic__50: 
logic__74: 
datapath__12: 
logic__189: 
case__4: 
reg__14: 
reg__49: 
reg__43: 
logic__171: 
muxpart: 
datapath__3: 
logic__182: 
reg__46: 
datapath__5: 
logic__172: 
logic__29: 
sem_v4_1_13_x7_sem_controller: 
reg__7: 
logic__70: 
logic__75: 
sem_v4_1_13_x7_sem_fw0: 
sem_0_sem_mon_sipo: 
reg__11: 
logic__157: 
reg__51: 
logic__144: 
logic__77: 
sem_controller_wrapper: 
reg__60: 
logic__158: 
reg__37: 
reg__50: 
reg__4: 
logic__128: 
logic__46: 
case__18: 
logic__83: 
sem_v4_1_13_x7_sem_fw1: 
logic__164: 
logic__127: 
sem_0_sem_mon_piso: 
reg__44: 
logic__132: 
logic__88: 
counter__2: 
logic__148: 
reg__29: 
case__21: 
logic__72: 
logic__80: 
sem_0_sem_mon: 
case__36: 
logic__175: 
sem_v4_1_13_x7_sem_dbuffer_mem: 
logic__181: 
logic__45: 
logic__203: 
reg__8: 
logic__54: 
reg__2: 
sem_0_sem_cfg: 
sem_0: 
rom__1: 
case__24: 
muxpart__4: 
datapath__7: 
reg__5: 
logic__69: 
logic__129: 
logic__1: 
logic__130: 
reg__33: 
reg__32: 
reg__28: 
counter: 
case__35: 
logic__84: 
logic: 
logic__154: 
