#-----------------------------------------------------------
# Vivado v2020.1 (64-bit)
# SW Build 2902540 on Wed May 27 19:54:35 MDT 2020
# IP Build 2902112 on Wed May 27 22:43:36 MDT 2020
# Start of session at: Fri Jan 14 10:20:51 2022
# Process ID: 30527
# Current directory: /home/dcs/git/mopshub/mopshub_synthesis_slave/mopshub_synthesis_slave.runs/impl_1/.Xil/Vivado-28917-chipdev2.physik.uni-wuppertal.de/dc_drv.0/dc/prj_ip.runs/u_ila_0_synth_1
# Command line: vivado -log u_ila_0.vds -product Vivado -mode batch -messageDb vivado.pb -notrace -source u_ila_0.tcl
# Log file: /home/dcs/git/mopshub/mopshub_synthesis_slave/mopshub_synthesis_slave.runs/impl_1/.Xil/Vivado-28917-chipdev2.physik.uni-wuppertal.de/dc_drv.0/dc/prj_ip.runs/u_ila_0_synth_1/u_ila_0.vds
# Journal file: /home/dcs/git/mopshub/mopshub_synthesis_slave/mopshub_synthesis_slave.runs/impl_1/.Xil/Vivado-28917-chipdev2.physik.uni-wuppertal.de/dc_drv.0/dc/prj_ip.runs/u_ila_0_synth_1/vivado.jou
#-----------------------------------------------------------
