/mopshub_design_i/mopshub_top_diff_por_0/inst/mopshub_top_0/mopshub_core0/canakari_top0/cancari_block07/can_4:1664924370
/mopshub_design_i/selectio_wiz_0/inst/mopshub_design_selectio_wiz_2_0_selectio_wiz__GC0:2925163083
/mopshub_design_i/mopshub_top_diff_por_0/inst/mopshub_top_diff_ports__GC0:1332073057
/mopshub_design_i/mopshub_top_diff_por_0/inst/mopshub_top_0/mopshub_core0/canakari_top0/cancari_block07/can_5:1664924370
/mopshub_design_i/mopshub_top_diff_por_0/inst/mopshub_top_0/mopshub_core0/canakari_top0/canakari_top__GC0:1125090107
/mopshub_design_i/mopshub_top_diff_por_0/inst/mopshub_top_0/mopshub_core0/canakari_top0/cancari_block07/can_0:1664924370
/mopshub_design_i/mopshub_top_diff_por_0/inst/mopshub_top_0/mopshub_core0/canakari_top0/cancari_block07/can_3:1664924370
/mopshub_design_i/mopshub_top_diff_por_0/inst/mopshub_top_0/mopshub_top__GC0:20332849
/mopshub_design_i/clk_wiz_0/inst/mopshub_design_clk_wiz_0_0_clk_wiz__GC0:2927801136
/mopshub_design_i/mopshub_top_diff_por_0/inst/mopshub_top_0/mopshub_core0/canakari_top0/cancari_block07/can_6:1664924370
/mopshub_design_i/mopshub_design__GC0:3404274278
/mopshub_design_i/mopshub_top_diff_por_0/inst/mopshub_top_0/mopshub_core0/canakari_top0/cancari_block07/can_1:1664924370
/mopshub_design_i/mopshub_top_diff_por_0/inst/mopshub_top_0/mopshub_core0/canakari_top0/cancari_block07/can_7:1664924370
/mopshub_design_i/mopshub_top_diff_por_0/inst/mopshub_top_0/mopshub_core0/bridge_controller0:276959904
/mopshub_design_i/mopshub_top_diff_por_0/inst/mopshub_top_0/mopshub_core0/canakari_top0/cancari_block07/can_2:1664924370
