case__72: mopshub_top__GC0, 
datapath__65: can, 
case__557: canakari_top__GC0, 
bus_rec_SM: canakari_top__GC0, 
case__577: canakari_top__GC0, 
case__573: canakari_top__GC0, 
case__600: canakari_top__GC0, 
reg__103: mopshub_top__GC0, 
reg__7: mopshub_top__GC0, 
logic__1248: can, 
logic__957: can, 
case__155: mopshub_top__GC0, 
reg__176: canakari_top__GC0, bridge_controller, 
case__588: canakari_top__GC0, 
reg__157: bridge_controller, 
logic__973: can, 
reg__86: mopshub_top__GC0, 
case__342: can, 
muxpart__90: mopshub_top__GC0, 
logic__1840: canakari_top__GC0, 
case__28: mopshub_top__GC0, 
reg__210: can, 
logic__176: mopshub_top__GC0, 
reg__44: mopshub_top__GC0, 
logic__1333: can, 
case__434: can, 
reg__131: mopshub_top__GC0, 
datapath__50: can, 
logic__1101: can, 
case__56: mopshub_top__GC0, 
case__540: can, 
logic__1110: can, 
logic__1921: mopshub_top__GC0, 
logic__1285: can, 
case__356: can, 
case__374: can, 
datapath__21: can, 
muxpart__62: mopshub_top__GC0, 
reg__13: mopshub_top__GC0, 
muxpart__229: can, 
logic__366: mopshub_top__GC0, 
enc_8b10b: mopshub_top__GC0, 
reg__5: mopshub_top__GC0, 
logic__1682: can, 
logic__1952: mopshub_design__GC0, 
case__553: canakari_top__GC0, 
case__4: mopshub_top__GC0, 
case__402: can, 
logic__1434: can, 
logic__1249: can, 
logic__1045: can, 
logic__1330: can, 
case__38: mopshub_top__GC0, 
logic__253: mopshub_top__GC0, 
logic__488: mopshub_top__GC0, 
ready_counter: can, 
muxpart__228: can, 
logic__1313: can, 
case__254: bridge_controller, 
logic__1703: can, 
datapath__40: can, 
reg__267: can, 
case__326: can, 
reg__175: bridge_controller, 
case__171: mopshub_top__GC0, 
datapath__12: bridge_controller, 
case__290: bridge_controller, 
muxpart__33: mopshub_top__GC0, 
Accumulator: can, 
logic__1918: canakari_top__GC0, 
keep__7: mopshub_top__GC0, 
logic__842: bridge_controller, 
logic__1106: can, 
reg__263: can, 
keep__16: mopshub_top_diff_ports__GC0, 
case__322: can, 
Add_PID: can, 
logic__1960: mopshub_design__GC0, 
reg__148: mopshub_top__GC0, 
logic__110: mopshub_top__GC0, 
keep__55: mopshub_design__GC0, 
case__433: can, 
logic__121: mopshub_top__GC0, 
logic__994: can, 
case__219: bridge_controller, 
logic__1851: canakari_top__GC0, 
reg__84: mopshub_top__GC0, 
muxpart__14: mopshub_top__GC0, 
node_rec_mux: canakari_top__GC0, 
case__655: canakari_top__GC0, 
logic__981: can, 
keep__21: mopshub_top_diff_ports__GC0, 
logic__789: mopshub_top__GC0, 
logic__163: mopshub_top__GC0, 
case__566: canakari_top__GC0, 
logic__1915: canakari_top__GC0, 
logic__1236: can, 
mopshub_design_xlconstant_1_0: mopshub_design__GC0, 
muxpart__83: mopshub_top__GC0, 
reg__104: mopshub_top__GC0, 
case__194: bridge_controller, 
logic__1012: can, 
case__142: mopshub_top__GC0, 
keep__35: mopshub_design__GC0, 
can: can, 
case__292: bridge_controller, 
datapath__8: mopshub_top__GC0, 
logic__886: bridge_controller, 
logic__100: mopshub_top__GC0, 
case__625: canakari_top__GC0, 
case__182: mopshub_top__GC0, 
case__51: mopshub_top__GC0, 
case__587: canakari_top__GC0, 
datapath__75: mopshub_top_diff_ports__GC0, 
case__175: mopshub_top__GC0, 
reg__237: can, 
case__256: bridge_controller, 
case__336: can, 
case__580: canakari_top__GC0, 
datapath__9: mopshub_top__GC0, 
case__251: bridge_controller, 
case__522: can, 
logic__1501: can, 
logic__1823: canakari_top__GC0, 
case__476: can, 
logic__1947: mopshub_top_diff_ports__GC0, 
reg__14: mopshub_top__GC0, 
logic__1014: can, 
logic__1829: canakari_top__GC0, 
muxpart__65: mopshub_top__GC0, 
reg__149: mopshub_top__GC0, 
logic__1468: can, 
logic__1564: can, 
case__8: mopshub_top__GC0, 
datapath__54: can, 
reg__145: mopshub_top__GC0, 
muxpart__287: canakari_top__GC0, 
logic__1462: can, 
logic__1321: can, 
case__474: can, 
logic__324: mopshub_top__GC0, 
case__649: canakari_top__GC0, 
keep__38: mopshub_design__GC0, 
case__144: mopshub_top__GC0, 
case__195: bridge_controller, 
logic__1056: can, 
reg__77: mopshub_top__GC0, 
reg__264: can, 
muxpart__25: mopshub_top__GC0, 
case__321: can, 
logic__1049: can, 
case__380: can, 
case__178: mopshub_top__GC0, 
case__133: mopshub_top__GC0, 
case__115: mopshub_top__GC0, 
logic__1037: can, 
elink_proc_out_enc8b10b: mopshub_top__GC0, 
keep__50: mopshub_design__GC0, 
counter__7: can, 
logic__1496: can, 
case__295: bridge_controller, 
reg__154: mopshub_top__GC0, 
logic__369: mopshub_top__GC0, 
case__24: mopshub_top__GC0, 
case__310: can, 
logic__1598: can, 
logic__1852: canakari_top__GC0, 
logic__1019: can, 
triger_counter__parameterized0: mopshub_top__GC0, 
keep__52: mopshub_design__GC0, 
case__10: mopshub_top__GC0, 
can_elink_bridge_SM: bridge_controller, 
logic__732: mopshub_top__GC0, 
case__33: mopshub_top__GC0, 
reg__163: bridge_controller, 
logic__1832: canakari_top__GC0, 
logic__1108: can, 
datapath__20: can, 
logic__752: mopshub_top__GC0, 
case__130: mopshub_top__GC0, 
case__78: mopshub_top__GC0, 
logic__1095: can, 
logic__956: can, 
reg__218: can, 
reg__270: canakari_top__GC0, 
reg__3: mopshub_top__GC0, 
logic__1077: can, 
case__373: can, 
logic__1064: can, 
Control_Sys: can, 
reg__54: mopshub_top__GC0, 
case__348: can, 
case__545: can, 
logic__1059: can, 
case__71: mopshub_top__GC0, 
bridge_controller: bridge_controller, 
logic__1801: can, 
elink_proc_in_dec8b10b: mopshub_top__GC0, 
reg__152: mopshub_top__GC0, 
logic__92: mopshub_top__GC0, 
logic__1394: can, 
logic__1422: can, 
logic__1040: can, 
case__54: mopshub_top__GC0, 
muxpart__289: canakari_top__GC0, 
reg__110: mopshub_top__GC0, 
logic__992: can, 
multiplexer2: can, 
reg__219: can, 
logic__1601: can, 
logic__1243: can, 
resetgen2: can, 
reg__17: mopshub_top__GC0, 
reg__274: mopshub_top_diff_ports__GC0, 
reg__56: mopshub_top__GC0, 
logic__1885: canakari_top__GC0, 
logic__120: mopshub_top__GC0, 
logic__1920: canakari_top__GC0, 
case__554: canakari_top__GC0, 
logic__1375: can, 
logic__720: mopshub_top__GC0, 
case__543: can, 
case__391: can, 
logic__1957: mopshub_design__GC0, 
logic__1493: can, 
case__145: mopshub_top__GC0, 
logic__723: mopshub_top__GC0, 
case__475: can, 
case__211: bridge_controller, 
logic__1097: can, 
logic__684: mopshub_top__GC0, 
muxpart__30: mopshub_top__GC0, 
logic__946: can, 
case__507: can, 
case__330: can, 
elink_core: mopshub_top__GC0, 
node_tra_demux: canakari_top__GC0, 
logic__335: mopshub_top__GC0, 
case__94: mopshub_top__GC0, 
case__283: bridge_controller, 
case__598: canakari_top__GC0, 
reg__153: mopshub_top__GC0, 
muxpart__22: mopshub_top__GC0, 
logic__1370: can, 
logic__1326: can, 
logic__175: mopshub_top__GC0, 
logic__358: mopshub_top__GC0, 
logic__342: mopshub_top__GC0, 
case__245: bridge_controller, 
logic__7: mopshub_top__GC0, 
datapath__34: can, 
muxpart__38: mopshub_top__GC0, 
logic__1595: can, 
logic__690: mopshub_top__GC0, 
muxpart__60: mopshub_top__GC0, 
logic__854: bridge_controller, 
logic__988: can, 
logic__1438: can, 
case__304: bridge_controller, 
case__89: mopshub_top__GC0, 
datapath__70: can, 
logic__174: mopshub_top__GC0, 
logic__1093: can, 
case__585: canakari_top__GC0, 
reg__214: can, 
logic__1928: mopshub_top_diff_ports__GC0, 
reg__244: can, 
case__189: bridge_controller, 
reg__57: mopshub_top__GC0, 
case__202: bridge_controller, 
case__546: can, 
keep__41: mopshub_design__GC0, 
logic__852: bridge_controller, 
PID_Regler: can, 
case__170: mopshub_top__GC0, 
case__139: mopshub_top__GC0, 
CLK_Counter: can, 
case__584: canakari_top__GC0, 
case__556: canakari_top__GC0, 
case__436: can, 
logic__793: mopshub_top__GC0, 
logic__1053: can, 
case__332: can, 
reg__179: can, 
case__220: bridge_controller, 
case__627: canakari_top__GC0, 
reg__271: canakari_top__GC0, 
logic__169: mopshub_top__GC0, 
logic__1454: can, 
case__626: canakari_top__GC0, 
case__74: mopshub_top__GC0, 
logic__1711: can, 
reg__177: bridge_controller, 
logic__1341: can, 
muxpart__285: canakari_top__GC0, 
tcrc_cell2: can, 
muxpart__58: mopshub_top__GC0, 
case__7: mopshub_top__GC0, 
reg__109: mopshub_top__GC0, 
datapath__1: mopshub_top__GC0, 
case__658: mopshub_top_diff_ports__GC0, 
logic__942: can, 
logic__1000: can, 
keep__8: mopshub_top__GC0, 
reg__73: mopshub_top__GC0, 
reg__169: bridge_controller, 
logic__747: mopshub_top__GC0, 
logic__1242: can, 
case__470: can, 
case__596: canakari_top__GC0, 
reg__232: can, 
logic__1720: can, 
logic__1332: can, 
case__657: mopshub_top_diff_ports__GC0, 
logic__140: mopshub_top__GC0, 
logic__97: mopshub_top__GC0, 
muxpart__232: can, 
logic__1257: can, 
case__313: can, 
logic__746: mopshub_top__GC0, 
case__483: can, 
case__396: can, 
biterrordetect2: can, 
rom__2: mopshub_top__GC0, 
case__121: mopshub_top__GC0, 
logic__1103: can, 
case__222: bridge_controller, 
buffer_rec_canakari: canakari_top__GC0, 
keep__15: mopshub_top_diff_ports__GC0, 
logic__584: mopshub_top__GC0, 
case__323: can, 
logic__721: mopshub_top__GC0, 
logic__1639: can, 
case__343: can, 
logic__1919: canakari_top__GC0, 
case__376: can, 
reg__6: mopshub_top__GC0, 
case__364: can, 
muxpart__293: canakari_top__GC0, 
logic__1687: can, 
rom__5: canakari_top__GC0, 
logic__1459: can, 
logic__1469: can, 
datapath__10: bridge_controller, 
elink_proc_in_direct: mopshub_top__GC0, 
logic__1267: can, 
muxpart__74: mopshub_top__GC0, 
logic__1494: can, 
case__96: mopshub_top__GC0, 
muxpart__253: can, 
logic__872: bridge_controller, 
logic__756: mopshub_top__GC0, 
case__218: bridge_controller, 
case__582: canakari_top__GC0, 
case__233: bridge_controller, 
logic__1499: can, 
logic__1355: can, 
reg__130: mopshub_top__GC0, 
case__107: mopshub_top__GC0, 
logic__1008: can, 
case__176: mopshub_top__GC0, 
case__395: can, 
case__640: canakari_top__GC0, 
logic__632: mopshub_top__GC0, 
case__460: can, 
timout_rst: canakari_top__GC0, bridge_controller, 
reg__30: mopshub_top__GC0, 
logic__173: mopshub_top__GC0, 
logic__158: mopshub_top__GC0, 
logic__1094: can, 
case__517: can, 
logic__21: mopshub_top__GC0, 
logic__1329: can, 
case__444: can, 
case__64: mopshub_top__GC0, 
logic__962: can, 
reg__221: can, 
reg__138: mopshub_top__GC0, 
muxpart__79: mopshub_top__GC0, 
case__599: canakari_top__GC0, 
dec_8b10b_wrap: mopshub_top__GC0, 
datapath__43: can, 
case__183: mopshub_top__GC0, 
muxpart__92: mopshub_top__GC0, 
case__199: bridge_controller, 
logic__1719: can, 
logic__1030: can, 
reg__29: mopshub_top__GC0, 
logic__119: mopshub_top__GC0, 
logic__1835: canakari_top__GC0, 
case__441: can, 
datapath__61: can, 
muxpart__93: mopshub_top__GC0, 
top_led_test: mopshub_top_diff_ports__GC0, 
logic__1845: canakari_top__GC0, 
case__244: bridge_controller, 
case__184: bridge_controller, 
case__608: canakari_top__GC0, 
case__32: mopshub_top__GC0, 
datapath__44: can, 
muxpart__106: mopshub_top__GC0, 
logic__1594: can, 
case__127: mopshub_top__GC0, 
logic__1545: can, 
logic__1340: can, 
logic__1389: can, 
case__166: mopshub_top__GC0, 
case__109: mopshub_top__GC0, 
logic__1592: can, 
case__47: mopshub_top__GC0, 
case__611: canakari_top__GC0, 
case__606: canakari_top__GC0, 
datapath__14: bridge_controller, 
Multi_i: can, 
case__511: can, 
logic__1292: can, 
logic__1950: mopshub_design__GC0, 
muxpart__114: bridge_controller, 
case__29: mopshub_top__GC0, 
recregister2: can, 
reg__196: can, 
reg__82: mopshub_top__GC0, 
case__16: mopshub_top__GC0, 
logic__1500: can, 
muxpart__59: mopshub_top__GC0, 
case__156: mopshub_top__GC0, 
demux1_1bit__parameterized0: canakari_top__GC0, 
reset_mac2: can, 
reg__114: mopshub_top__GC0, 
muxpart__80: mopshub_top__GC0, 
case__125: mopshub_top__GC0, 
case__591: canakari_top__GC0, 
case__226: bridge_controller, 
logic__1369: can, 
datapath__55: can, 
logic__1293: can, 
muxpart__98: mopshub_top__GC0, 
case: mopshub_top__GC0, 
case__285: bridge_controller, 
case__65: mopshub_top__GC0, 
case__388: can, 
reg__186: can, 
logic__1708: can, 
case__456: can, 
logic__136: mopshub_top__GC0, 
logic__1035: can, 
interruptunit2: can, 
Multi: can, 
logic__281: mopshub_top__GC0, 
logic__1001: can, 
logic__722: mopshub_top__GC0, 
logic__1735: can, 
logic__212: mopshub_top__GC0, 
datapath__11: bridge_controller, 
case__307: bridge_controller, 
logic__1467: can, 
case__593: canakari_top__GC0, 
case__50: mopshub_top__GC0, 
can_interface: bridge_controller, 
case__241: bridge_controller, 
logic__1641: can, 
case__641: canakari_top__GC0, 
case__327: can, 
case__300: bridge_controller, 
case__485: can, 
elink_interface_tra_SM: mopshub_top__GC0, 
keep__34: mopshub_design__GC0, 
logic__1474: can, 
logic__1963: mopshub_design__GC0, 
keep__17: mopshub_top_diff_ports__GC0, 
logic__1808: can, 
reg__252: can, 
keep: mopshub_top__GC0, 
reg__67: mopshub_top__GC0, 
case__210: bridge_controller, 
case__246: bridge_controller, 
logic__1296: can, 
logic__162: mopshub_top__GC0, 
logic__14: mopshub_top__GC0, 
logic__1361: can, 
mopshub_top__GC0: mopshub_top__GC0, 
case__372: can, 
logic__819: mopshub_top__GC0, 
case__75: mopshub_top__GC0, 
canakari_interface: bridge_controller, 
logic__813: mopshub_top__GC0, 
logic__1822: canakari_top__GC0, 
elink_proc_in: mopshub_top__GC0, 
reg__127: mopshub_top__GC0, 
case__227: bridge_controller, 
datapath__32: can, 
case__324: can, 
logic__1113: can, 
logic__1688: can, 
logic__1498: can, 
case__316: can, 
case__119: mopshub_top__GC0, 
logic__1709: can, 
case__359: can, 
reg__115: mopshub_top__GC0, 
reg__150: mopshub_top__GC0, 
logic__143: mopshub_top__GC0, 
logic__926: bridge_controller, 
logic__1264: can, 
case__243: bridge_controller, 
case__164: mopshub_top__GC0, 
logic__308: mopshub_top__GC0, 
logic__953: can, 
mopshub_top_diff_ports__GC0: mopshub_top_diff_ports__GC0, 
reg__220: can, 
logic__1402: can, 
reg__190: can, 
case__110: mopshub_top__GC0, 
logic__1486: can, 
case__576: canakari_top__GC0, 
case__306: bridge_controller, 
case__172: mopshub_top__GC0, 
Phasenfehler_Reg: can, 
logic__1787: can, 
case__132: mopshub_top__GC0, 
logic__1450: can, 
logic__1811: can, 
reg__116: mopshub_top__GC0, 
reg__155: bridge_controller, 
logic__1732: can, 
Control_FSM: can, 
datapath__4: mopshub_top__GC0, 
reg__170: bridge_controller, 
case__302: bridge_controller, 
case__280: bridge_controller, 
reg__178: can, 
case__331: can, 
logic__1948: mopshub_top_diff_ports__GC0, 
case__181: mopshub_top__GC0, 
keep__46: mopshub_design__GC0, 
case__208: bridge_controller, 
keep__28: mopshub_design__GC0, 
reg__52: mopshub_top__GC0, 
reg__74: mopshub_top__GC0, 
logic__1107: can, 
logic__87: mopshub_top__GC0, 
keep__25: mopshub_top_diff_ports__GC0, 
reg__167: bridge_controller, 
case__562: canakari_top__GC0, 
muxpart__295: canakari_top__GC0, 
logic__1272: can, 
case__228: bridge_controller, 
logic__1509: can, 
case__22: mopshub_top__GC0, 
case__481: can, 
logic__1351: can, 
muxpart__99: mopshub_top__GC0, 
logic__347: mopshub_top__GC0, 
fsm_register2: can, 
logic__1086: can, 
keep__26: mopshub_design__GC0, 
case__299: bridge_controller, 
muxpart__57: mopshub_top__GC0, 
case__394: can, 
logic__991: can, 
logic__1041: can, 
logic__107: mopshub_top__GC0, 
destuffing2: can, 
logic__702: mopshub_top__GC0, 
logic__1078: can, 
case__367: can, 
muxpart__50: mopshub_top__GC0, 
logic__315: mopshub_top__GC0, 
reg__107: mopshub_top__GC0, 
reg__261: can, 
reg__64: mopshub_top__GC0, 
case__252: bridge_controller, 
case__671: mopshub_top_diff_ports__GC0, 
case__58: mopshub_top__GC0, 
reg__180: can, 
keep__14: mopshub_top_diff_ports__GC0, 
counter__9: can, 
reg__83: mopshub_top__GC0, 
case__52: mopshub_top__GC0, 
case__567: canakari_top__GC0, 
logic__1294: can, 
case__478: can, 
case__180: mopshub_top__GC0, 
logic__1797: can, 
case__633: canakari_top__GC0, 
logic__109: mopshub_top__GC0, 
logic__1027: can, 
mux4_Nbit__parameterized0: mopshub_top__GC0, 
case__346: can, 
case__59: mopshub_top__GC0, 
logic__1339: can, 
reg__80: mopshub_top__GC0, 
counter__10: can, 
case__163: mopshub_top__GC0, 
muxpart__40: mopshub_top__GC0, 
case__3: mopshub_top__GC0, 
case__117: mopshub_top__GC0, 
rom: mopshub_top__GC0, 
case__82: mopshub_top__GC0, 
case__301: bridge_controller, 
case__217: bridge_controller, 
reg__31: mopshub_top__GC0, 
logic__1689: can, 
datapath__24: can, 
equal_id2: can, 
logic__1710: can, 
case__670: mopshub_top_diff_ports__GC0, 
logic__688: mopshub_top__GC0, 
datapath__41: can, 
case__221: bridge_controller, 
logic__1799: can, 
case__548: can, 
reg__95: mopshub_top__GC0, 
logic__91: mopshub_top__GC0, 
logic__1410: can, 
reg__230: can, 
case__629: canakari_top__GC0, 
logic__123: mopshub_top__GC0, 
reg__188: can, 
mux1_1bit: canakari_top__GC0, 
case__154: mopshub_top__GC0, 
logic__1031: can, 
case__363: can, 
case__105: mopshub_top__GC0, 
reg__28: mopshub_top__GC0, 
logic__1967: mopshub_design__GC0, 
reg__147: mopshub_top__GC0, 
case__67: mopshub_top__GC0, 
logic__178: mopshub_top__GC0, 
keep__2: mopshub_top__GC0, 
logic__321: mopshub_top__GC0, 
case__458: can, 
reg__215: can, 
logic__931: can, 
logic__1913: canakari_top__GC0, 
reg__51: mopshub_top__GC0, 
reg__45: mopshub_top__GC0, 
reg__100: mopshub_top__GC0, 
logic__83: mopshub_top__GC0, 
dec1_Nbit: canakari_top__GC0, 
muxpart__284: canakari_top__GC0, 
logic__1237: can, 
muxpart__66: mopshub_top__GC0, 
reg__19: mopshub_top__GC0, 
rom__4: mopshub_top__GC0, 
logic__1847: canakari_top__GC0, 
case__437: can, 
keep__23: mopshub_top_diff_ports__GC0, 
reg__42: mopshub_top__GC0, 
datapath__31: can, 
case__216: bridge_controller, 
reg__87: mopshub_top__GC0, 
case__315: can, 
case__605: canakari_top__GC0, 
case__14: mopshub_top__GC0, 
keep__49: mopshub_design__GC0, 
reg__15: mopshub_top__GC0, 
logic__1360: can, 
reg__27: mopshub_top__GC0, 
datapath__28: can, 
case__574: canakari_top__GC0, 
logic__1105: can, 
datapath__36: can, 
logic__93: mopshub_top__GC0, 
case__284: bridge_controller, 
logic__680: mopshub_top__GC0, 
case__484: can, 
datapath__15: canakari_top__GC0, bridge_controller, 
counter__6: can, 
case__512: can, 
logic__1046: can, 
case__613: canakari_top__GC0, 
logic__1951: mopshub_design__GC0, 
logic__246: mopshub_top__GC0, 
logic__213: mopshub_top__GC0, 
reg__224: can, 
reg__174: bridge_controller, 
case__595: canakari_top__GC0, 
case__114: mopshub_top__GC0, 
case__281: bridge_controller, 
case__514: can, 
logic__1057: can, 
macfsm2: can, 
logic__1707: can, 
case__435: can, 
case__161: mopshub_top__GC0, 
logic__338: mopshub_top__GC0, 
case__140: mopshub_top__GC0, 
transmitreg2: can, 
case__516: can, 
muxpart__6: mopshub_top__GC0, 
logic__211: mopshub_top__GC0, 
datapath__19: can, 
reg__97: mopshub_top__GC0, 
reg__60: mopshub_top__GC0, 
accmaskreg2: can, 
reg__69: mopshub_top__GC0, 
logic__1961: mopshub_design__GC0, 
keep__43: mopshub_design__GC0, 
logic__674: mopshub_top__GC0, 
case__17: mopshub_top__GC0, 
reg__126: mopshub_top__GC0, 
muxpart__91: mopshub_top__GC0, 
case__518: can, 
datapath__51: can, 
case__214: bridge_controller, 
logic__1352: can, 
logic__904: bridge_controller, 
case__602: canakari_top__GC0, 
reg__243: can, 
keep__13: mopshub_top__GC0, 
reg__4: mopshub_top__GC0, 
case__177: mopshub_top__GC0, 
logic__1337: can, 
muxpart: mopshub_top__GC0, 
logic__1904: canakari_top__GC0, 
logic__1956: mopshub_design__GC0, 
case__66: mopshub_top__GC0, 
logic__1430: can, 
reg__241: can, 
logic__307: mopshub_top__GC0, 
logic__1015: can, 
reg__58: mopshub_top__GC0, 
logic__117: mopshub_top__GC0, 
muxpart__73: mopshub_top__GC0, 
logic__1968: mopshub_design_selectio_wiz_2_0_selectio_wiz__GC0, 
reg__240: can, 
reg__250: can, 
keep__30: mopshub_design__GC0, 
logic__1905: canakari_top__GC0, 
reg__158: bridge_controller, 
reg__181: can, 
case__242: bridge_controller, 
enc8b10b_wrap: mopshub_top__GC0, 
muxpart__108: bridge_controller, 
logic__1359: can, 
muxpart__82: mopshub_top__GC0, 
logic__1632: can, 
case__1: mopshub_top__GC0, 
case__338: can, 
reg__209: can, 
logic__28: mopshub_top__GC0, 
counter__12: mopshub_top_diff_ports__GC0, 
reg__137: mopshub_top__GC0, 
case__477: can, 
logic__948: can, 
dsp48e1__3: can, 
case__143: mopshub_top__GC0, 
reg__247: can, 
case__225: bridge_controller, 
logic__687: mopshub_top__GC0, 
reg__129: mopshub_top__GC0, 
case__393: can, 
case__333: can, 
logic__1949: mopshub_design__GC0, 
reg__235: can, 
logic__1962: mopshub_design__GC0, 
case__98: mopshub_top__GC0, 
muxpart__15: mopshub_top__GC0, 
case__113: mopshub_top__GC0, 
case__354: can, 
case__311: can, 
case__234: bridge_controller, 
logic__1678: can, 
bittiming2: can, 
logic__748: mopshub_top__GC0, 
logic__1577: can, 
case__646: canakari_top__GC0, 
datapath__6: mopshub_top__GC0, 
transmesconreg2: can, 
logic__771: mopshub_top__GC0, 
case__148: mopshub_top__GC0, 
muxpart__78: mopshub_top__GC0, 
keep__1: mopshub_top__GC0, 
signinv__1: mopshub_top__GC0, 
case__572: canakari_top__GC0, 
logic__1955: mopshub_design__GC0, 
keep__39: mopshub_design__GC0, 
muxpart__102: mopshub_top__GC0, 
reg__32: mopshub_top__GC0, 
case__650: canakari_top__GC0, 
reg__120: mopshub_top__GC0, 
muxpart__8: mopshub_top__GC0, 
case__612: canakari_top__GC0, 
elink_to_fifo: mopshub_top__GC0, 
logic__1265: can, 
case__630: canakari_top__GC0, 
case__68: mopshub_top__GC0, 
logic__1591: can, 
logic__902: bridge_controller, 
case__255: bridge_controller, 
logic__348: mopshub_top__GC0, 
logic__769: mopshub_top__GC0, 
case__99: mopshub_top__GC0, 
muxpart__76: mopshub_top__GC0, 
reg__36: mopshub_top__GC0, 
logic__1800: can, 
case__568: canakari_top__GC0, 
case__318: can, 
logic__1946: mopshub_top_diff_ports__GC0, 
datapath__2: mopshub_top__GC0, 
case__187: bridge_controller, 
case__592: canakari_top__GC0, 
case__151: mopshub_top__GC0, 
logic__1495: can, 
logic__1039: can, 
muxpart__290: canakari_top__GC0, 
dsp48e1__2: can, 
counter__8: can, 
case__76: mopshub_top__GC0, 
logic__1026: can, 
logic__838: bridge_controller, 
logic__668: mopshub_top__GC0, 
datapath__57: can, 
case__345: can, 
datapath__56: can, 
case__149: mopshub_top__GC0, 
logic__151: mopshub_top__GC0, 
case__70: mopshub_top__GC0, 
logic__1833: canakari_top__GC0, 
case__637: canakari_top__GC0, 
muxpart__110: bridge_controller, 
xlconstant_v1_1_7_xlconstant: mopshub_design__GC0, 
case__152: mopshub_top__GC0, 
logic__1320: can, 
case__581: canakari_top__GC0, 
reg__70: mopshub_top__GC0, 
keep__10: mopshub_top__GC0, 
logic__925: canakari_top__GC0, bridge_controller, 
reg__208: can, 
reg__206: can, 
case__186: bridge_controller, 
case__231: bridge_controller, 
reg__121: mopshub_top__GC0, 
case__320: can, 
bus_comp: bridge_controller, 
logic__1023: can, 
logic__955: can, 
reg__66: mopshub_top__GC0, 
logic__1694: can, 
case__638: canakari_top__GC0, 
logic__1085: can, 
case__209: bridge_controller, 
case__116: mopshub_top__GC0, 
reg__165: bridge_controller, 
logic__1508: can, 
reg__119: mopshub_top__GC0, 
case__26: mopshub_top__GC0, 
case__123: mopshub_top__GC0, 
case__644: canakari_top__GC0, 
mopshub_design__GC0: mopshub_design__GC0, 
mux8_Nbit: mopshub_top__GC0, 
case__647: canakari_top__GC0, 
case__408: can, 
muxpart__143: bridge_controller, 
muxpart__49: mopshub_top__GC0, 
case__621: canakari_top__GC0, 
buffer_rec_data: bridge_controller, 
reg__141: mopshub_top__GC0, 
reg__62: mopshub_top__GC0, 
logic__152: mopshub_top__GC0, 
datapath__60: can, 
logic__1734: can, 
case__85: mopshub_top__GC0, 
logic__161: mopshub_top__GC0, 
logic__343: mopshub_top__GC0, 
logic__1912: canakari_top__GC0, 
logic__1604: can, 
case__636: canakari_top__GC0, 
reg__79: mopshub_top__GC0, 
logic__210: mopshub_top__GC0, 
logic__1276: can, 
muxpart__3: mopshub_top__GC0, 
datapath__26: can, 
elink_proc_out_direct: mopshub_top__GC0, 
case__136: mopshub_top__GC0, 
logic__1365: can, 
muxpart__230: can, 
muxpart__101: mopshub_top__GC0, 
case__196: bridge_controller, 
logic__1830: canakari_top__GC0, 
generalregister2: can, 
logic__1507: can, 
logic__691: mopshub_top__GC0, 
case__57: mopshub_top__GC0, 
logic__1319: can, 
reg__35: mopshub_top__GC0, 
keep__12: mopshub_top__GC0, 
logic__1826: canakari_top__GC0, 
case__369: can, 
logic__1426: can, 
case__521: can, 
logic__1104: can, 
logic__1817: can, 
case__360: can, 
logic__1812: can, 
case__534: can, 
case__90: mopshub_top__GC0, 
logic__1047: can, 
logic__1570: can, 
case__289: bridge_controller, 
case__558: canakari_top__GC0, 
logic__139: mopshub_top__GC0, 
logic__780: mopshub_top__GC0, 
logic__937: can, 
reg__151: mopshub_top__GC0, 
reg__24: mopshub_top__GC0, 
logic__1954: mopshub_design__GC0, 
case__519: can, 
datapath__7: mopshub_top__GC0, 
case__601: canakari_top__GC0, 
muxpart__105: mopshub_top__GC0, 
timecount2: can, 
reg__99: mopshub_top__GC0, 
logic__364: mopshub_top__GC0, 
logic__1640: can, 
logic__1909: canakari_top__GC0, 
logic__921: bridge_controller, 
logic__1492: can, 
logic__1693: can, 
dec_8b10b: mopshub_top__GC0, 
logic__972: can, 
logic__1894: canakari_top__GC0, 
bit_shifter: canakari_top__GC0, 
case__523: can, 
case__239: bridge_controller, 
reg__111: mopshub_top__GC0, 
reg__201: can, 
logic__1114: can, 
logic__846: bridge_controller, 
logic__1838: canakari_top__GC0, 
reg__156: bridge_controller, 
fastshift2: can, 
case__104: mopshub_top__GC0, 
reg__26: mopshub_top__GC0, 
reg__88: mopshub_top__GC0, 
muxpart__41: mopshub_top__GC0, 
logic__729: mopshub_top__GC0, 
tcrc2: can, 
logic__954: can, 
case__278: bridge_controller, 
reg__185: can, 
logic__1322: can, 
case__622: canakari_top__GC0, 
reg__257: can, 
logic__1065: can, 
logic__1798: can, 
logic__1269: can, 
reg__25: mopshub_top__GC0, 
case__250: bridge_controller, 
case__597: canakari_top__GC0, 
logic__749: mopshub_top__GC0, 
top_led_enable_SM: mopshub_top_diff_ports__GC0, 
case__357: can, 
logic__1475: can, 
fifo_to_elink: mopshub_top__GC0, 
muxpart__87: mopshub_top__GC0, 
case__451: can, 
muxpart__28: mopshub_top__GC0, 
logic__1414: can, 
case__482: can, 
reg__98: mopshub_top__GC0, 
case__410: can, 
mopshub_design_processing_system7_0_1: mopshub_design__GC0, 
case__288: bridge_controller, 
logic__1018: can, 
reg__227: can, 
case__392: can, 
reg__22: mopshub_top__GC0, 
case__579: canakari_top__GC0, 
keep__36: mopshub_design__GC0, 
logic__166: mopshub_top__GC0, 
logic__949: can, 
datapath__33: can, 
case__53: mopshub_top__GC0, 
reg__236: can, 
case__159: mopshub_top__GC0, 
keep__22: mopshub_top_diff_ports__GC0, 
logic__920: bridge_controller, 
logic__1491: can, 
muxpart__275: can, 
logic__727: mopshub_top__GC0, 
logic__1834: canakari_top__GC0, 
logic__1818: canakari_top__GC0, 
reg__184: can, 
logic__1314: can, 
reg__146: mopshub_top__GC0, 
canakari_top__GC0: canakari_top__GC0, 
case__387: can, 
logic__1810: can, 
case__287: bridge_controller, 
logic__153: mopshub_top__GC0, 
case__92: mopshub_top__GC0, 
logic__380: mopshub_top__GC0, 
case__42: mopshub_top__GC0, 
logic__80: mopshub_top__GC0, 
case__515: can, 
muxpart__71: mopshub_top__GC0, 
reg__259: can, 
case__667: mopshub_top_diff_ports__GC0, 
datapath__63: can, 
logic__712: mopshub_top__GC0, 
muxpart__84: mopshub_top__GC0, 
initialize_block: bridge_controller, 
logic__1254: can, 
case__87: mopshub_top__GC0, 
reg__53: mopshub_top__GC0, 
logic__1271: can, 
logic__1839: canakari_top__GC0, 
muxpart__88: mopshub_top__GC0, 
reg__217: can, 
edgepuffer2: can, 
reg__102: mopshub_top__GC0, 
muxpart__42: mopshub_top__GC0, 
muxpart__21: mopshub_top__GC0, 
reg__43: mopshub_top__GC0, 
muxpart__4: mopshub_top__GC0, 
dec32_Nbit: canakari_top__GC0, 
reg__75: mopshub_top__GC0, 
case__506: can, 
case__160: mopshub_top__GC0, 
case__9: mopshub_top__GC0, 
counter__2: bridge_controller, 
logic__1466: can, 
logic__70: mopshub_top__GC0, 
logic__1558: can, 
logic__805: mopshub_top__GC0, 
mux32_Nbit: canakari_top__GC0, 
logic__49: mopshub_top__GC0, 
case__389: can, 
reg__10: mopshub_top__GC0, 
reg__228: can, 
logic__352: mopshub_top__GC0, 
datapath__71: can, 
logic__1642: can, 
logic__1346: can, 
reg__161: bridge_controller, 
smpldbit_reg2: can, 
reg__78: mopshub_top__GC0, 
logic__1574: can, 
muxpart__70: mopshub_top__GC0, 
logic__890: bridge_controller, 
reg__37: mopshub_top__GC0, 
logic__945: can, 
logic__1318: can, 
case__539: can, 
case__253: bridge_controller, 
datapath__69: can, 
reg__192: can, 
case__95: mopshub_top__GC0, 
case__19: mopshub_top__GC0, 
case__578: canakari_top__GC0, 
fifo_RXelink_wrap: mopshub_top__GC0, 
case__542: can, 
case__399: can, 
case__361: can, 
write_demux2: can, 
rshiftreg2: can, 
logic__1270: can, 
llc2: can, 
bittime2: can, 
meslencompare2: can, 
case__69: mopshub_top__GC0, 
reg__12: mopshub_top__GC0, 
logic__1700: can, 
logic__849: bridge_controller, 
logic__1844: canakari_top__GC0, 
case__634: canakari_top__GC0, 
reg__124: mopshub_top__GC0, 
logic__943: can, 
keep__11: mopshub_top__GC0, 
logic__734: mopshub_top__GC0, 
case__309: can, 
logic__1398: can, 
reg__117: mopshub_top__GC0, 
muxpart__100: mopshub_top__GC0, 
logic__1290: can, 
iocpu2: can, 
logic__1848: canakari_top__GC0, 
reg__33: mopshub_top__GC0, 
muxpart__63: mopshub_top__GC0, 
case__455: can, 
muxpart__5: mopshub_top__GC0, 
logic__96: mopshub_top__GC0, 
logic__1280: can, 
muxpart__77: mopshub_top__GC0, 
logic__90: mopshub_top__GC0, 
datapath__30: can, 
muxpart__34: mopshub_top__GC0, 
case__488: can, 
tseg_reg2: can, 
logic__974: can, 
case__44: mopshub_top__GC0, 
case__337: can, 
keep__37: mopshub_design__GC0, 
case__21: mopshub_top__GC0, 
faultfsm2: can, 
reg__277: mopshub_top_diff_ports__GC0, 
logic__1821: canakari_top__GC0, 
processing_system7_v5_5_processing_system7: mopshub_design__GC0, 
logic__698: mopshub_top__GC0, 
logic__167: mopshub_top__GC0, 
logic__1100: can, 
reg__143: mopshub_top__GC0, 
logic__770: mopshub_top__GC0, 
muxpart__26: mopshub_top__GC0, 
logic__351: mopshub_top__GC0, 
logic__971: can, 
logic__1841: canakari_top__GC0, 
logic__1465: can, 
case__13: mopshub_top__GC0, 
reg__106: mopshub_top__GC0, 
logic__1505: can, 
logic__77: mopshub_top__GC0, 
logic__137: mopshub_top__GC0, 
logic__784: mopshub_top__GC0, 
logic__168: mopshub_top__GC0, 
case__648: canakari_top__GC0, 
logic__808: mopshub_top__GC0, 
muxpart__86: mopshub_top__GC0, 
reg__272: canakari_top__GC0, 
reg__269: canakari_top__GC0, 
fce2: can, 
case__124: mopshub_top__GC0, 
case__624: canakari_top__GC0, 
logic__114: mopshub_top__GC0, 
logic__1036: can, 
datapath__3: mopshub_top__GC0, 
reg__223: can, 
case__378: can, 
logic__56: mopshub_top__GC0, 
logic__950: can, 
logic__1843: canakari_top__GC0, 
case__319: can, 
reg__255: can, 
logic__762: mopshub_top__GC0, 
case__129: mopshub_top__GC0, 
logic__1082: can, 
logic__1390: can, 
logic__1837: canakari_top__GC0, 
case__135: mopshub_top__GC0, 
reg__72: mopshub_top__GC0, 
datapath__53: can, 
logic__833: bridge_controller, 
logic__1685: can, 
case__520: can, 
datapath__29: can, 
case__385: can, 
case__174: mopshub_top__GC0, 
reg__41: mopshub_top__GC0, 
case__550: can, 
muxpart__11: mopshub_top__GC0, 
case__46: mopshub_top__GC0, 
logic__980: can, 
case__344: can, 
logic__1922: mopshub_top__GC0, 
reg__93: mopshub_top__GC0, 
Diff: can, 
logic__1497: can, 
case__609: canakari_top__GC0, 
case__371: can, 
case__238: bridge_controller, 
reg__39: mopshub_top__GC0, 
logic__1636: can, 
case__513: can, 
logic__677: mopshub_top__GC0, 
muxpart__233: can, 
logic__1567: can, 
logic__1385: can, 
logic__89: mopshub_top__GC0, 
case__401: can, 
rom__6: canakari_top__GC0, 
prescale2: can, 
logic__1038: can, 
logic__1331: can, 
logic__1953: mopshub_design__GC0, 
logic__170: mopshub_top__GC0, 
datapath__62: can, 
case__623: canakari_top__GC0, 
demux1_1bit: canakari_top__GC0, 
muxpart__89: mopshub_top__GC0, 
reg__92: mopshub_top__GC0, 
logic__868: bridge_controller, 
bit_counter: bridge_controller, 
logic__1506: can, 
logic__1317: can, 
logic__1262: can, 
signinv: mopshub_top__GC0, 
logic__1309: can, 
case__619: canakari_top__GC0, 
logic__941: can, 
reg__47: mopshub_top__GC0, 
logic__309: mopshub_top__GC0, 
logic__1303: can, 
datapath__18: can, 
case__362: can, 
case__565: canakari_top__GC0, 
logic__1338: can, 
logic__145: mopshub_top__GC0, 
logic__1736: can, 
dsp48e1__4: can, 
case__461: can, 
keep__32: mopshub_design__GC0, 
muxpart__81: mopshub_top__GC0, 
datapath__67: can, 
keep__3: mopshub_top__GC0, 
case__590: canakari_top__GC0, 
logic__823: mopshub_top__GC0, 
logic__1253: can, 
case__668: mopshub_top_diff_ports__GC0, 
logic__689: mopshub_top__GC0, 
datapath__35: can, 
case__340: can, 
logic__686: mopshub_top__GC0, 
muxpart__37: mopshub_top__GC0, 
muxpart__13: mopshub_top__GC0, 
logic__1917: canakari_top__GC0, 
buffer_tra_elink: mopshub_top__GC0, 
keep__53: mopshub_design__GC0, 
reg__21: mopshub_top__GC0, 
logic__1028: can, 
case__366: can, 
logic__999: can, 
case__5: mopshub_top__GC0, 
reg__160: bridge_controller, 
logic__1906: canakari_top__GC0, 
case__188: bridge_controller, 
case__358: can, 
case__538: can, 
logic__706: mopshub_top__GC0, 
keep__18: mopshub_top_diff_ports__GC0, 
datapath__39: can, 
keep__51: mopshub_design__GC0, 
logic__975: can, 
logic__995: can, 
case__296: bridge_controller, 
muxpart__69: mopshub_top__GC0, 
logic__1916: canakari_top__GC0, 
case__86: mopshub_top__GC0, 
sync_detector: mopshub_top__GC0, 
logic__290: mopshub_top__GC0, 
case__2: mopshub_top__GC0, 
case__615: canakari_top__GC0, 
case__449: can, 
reg__171: bridge_controller, 
case__131: mopshub_top__GC0, 
case__207: bridge_controller, 
logic__1268: can, 
case__232: bridge_controller, 
logic__1849: canakari_top__GC0, 
keep__44: mopshub_design__GC0, 
case__386: can, 
case__669: mopshub_top_diff_ports__GC0, 
logic__1312: can, 
datapath__64: can, 
case__6: mopshub_top__GC0, 
keep__57: mopshub_design__GC0, 
case__230: bridge_controller, 
reg__123: mopshub_top__GC0, 
logic__814: mopshub_top__GC0, 
logic__35: mopshub_top__GC0, 
muxpart__47: mopshub_top__GC0, 
logic__711: mopshub_top__GC0, 
logic__830: bridge_controller, 
case__653: canakari_top__GC0, 
case__77: mopshub_top__GC0, 
reg__134: mopshub_top__GC0, 
logic__1896: canakari_top__GC0, 
reg__212: can, 
logic__1742: can, 
case__341: can, 
datapath__47: can, 
logic__837: bridge_controller, 
case__570: canakari_top__GC0, 
logic__1102: can, 
case__448: can, 
reg__9: mopshub_top__GC0, 
reg__1: mopshub_top__GC0, 
reg__166: bridge_controller, 
buffer_tra_data: bridge_controller, 
logic__365: mopshub_top__GC0, 
logic__250: mopshub_top__GC0, 
datapath__22: can, 
case__293: bridge_controller, 
reg__231: can, 
reg__128: mopshub_top__GC0, 
logic__1034: can, 
case__150: mopshub_top__GC0, 
case__206: bridge_controller, 
case__162: mopshub_top__GC0, 
datapath__49: can, 
logic__788: mopshub_top__GC0, 
reg__59: mopshub_top__GC0, 
logic__1542: can, 
case__537: can, 
logic__1013: can, 
logic__1945: mopshub_top_diff_ports__GC0, 
logic__759: mopshub_top__GC0, 
logic__716: mopshub_top__GC0, 
reg__55: mopshub_top__GC0, 
logic__834: bridge_controller, 
reg__91: mopshub_top__GC0, 
datapath__48: can, 
case__414: can, 
logic__1112: can, 
reg__242: can, 
datapath__66: can, 
case__536: can, 
case__417: can, 
case__416: can, 
case__118: mopshub_top__GC0, 
reg__76: mopshub_top__GC0, 
reg__46: mopshub_top__GC0, 
logic__1109: can, 
reg__50: mopshub_top__GC0, 
logic__157: mopshub_top__GC0, 
keep__47: mopshub_design__GC0, 
case__240: bridge_controller, 
reg__213: can, 
case__486: can, 
logic__731: mopshub_top__GC0, 
case__589: canakari_top__GC0, 
muxpart__1: mopshub_top__GC0, 
logic__1827: canakari_top__GC0, 
reg__49: mopshub_top__GC0, 
case__541: can, 
case__353: can, 
logic__1643: can, 
keep__48: mopshub_design__GC0, 
case__480: can, 
logic__359: mopshub_top__GC0, 
logic__845: bridge_controller, 
logic__1277: can, 
muxpart__64: mopshub_top__GC0, 
case__91: mopshub_top__GC0, 
reg__118: mopshub_top__GC0, 
case__215: bridge_controller, 
counter__5: can, 
logic__277: mopshub_top__GC0, 
Ftrim_En: can, 
reg__8: mopshub_top__GC0, 
case__146: mopshub_top__GC0, 
reg__197: can, 
can_interface_SM: bridge_controller, 
logic__733: mopshub_top__GC0, 
datapath__25: can, 
case__377: can, 
muxpart__9: mopshub_top__GC0, 
case__249: bridge_controller, 
logic__1316: can, 
logic__1311: can, 
reg__112: mopshub_top__GC0, 
reg__68: mopshub_top__GC0, 
logic__897: bridge_controller, 
case__383: can, 
case__88: mopshub_top__GC0, 
case__294: bridge_controller, 
case__83: mopshub_top__GC0, 
logic__933: can, 
case__18: mopshub_top__GC0, 
case__489: can, 
logic__138: mopshub_top__GC0, 
muxpart__231: can, 
logic__919: bridge_controller, 
case__81: mopshub_top__GC0, 
muxpart__32: mopshub_top__GC0, 
logic__1809: can, 
reg__105: mopshub_top__GC0, 
keep__33: mopshub_design__GC0, 
logic__1553: can, 
muxpart__292: canakari_top__GC0, 
mopshub_design_clk_wiz_0_0_clk_wiz__GC0: mopshub_design_clk_wiz_0_0_clk_wiz__GC0, 
logic__1099: can, 
case__197: bridge_controller, 
case__138: mopshub_top__GC0, 
logic__952: can, 
logic__370: mopshub_top__GC0, 
case__617: canakari_top__GC0, 
logic__103: mopshub_top__GC0, 
buffer_rec_elink: mopshub_top__GC0, 
logic__1304: can, 
reg__249: can, 
logic__312: mopshub_top__GC0, 
logic__1010: can, 
logic__334: mopshub_top__GC0, 
case__349: can, 
reg__193: can, 
logic__681: mopshub_top__GC0, 
reg__71: mopshub_top__GC0, 
case__473: can, 
case__571: canakari_top__GC0, 
logic__1784: can, 
logic__1252: can, 
case__632: canakari_top__GC0, 
logic__1706: can, 
encapsulation2: can, 
reg__162: bridge_controller, 
logic__1902: canakari_top__GC0, 
case__173: mopshub_top__GC0, 
logic__1080: can, 
case__134: mopshub_top__GC0, 
muxpart__112: bridge_controller, 
osc_trim_SM: bridge_controller, 
tshiftreg2: can, 
case__258: bridge_controller, 
muxpart__107: mopshub_top__GC0, 
case__447: can, 
reg__251: can, 
dsp48e1__5: can, 
logic__42: mopshub_top__GC0, 
logic__809: mopshub_top__GC0, 
reg__16: mopshub_top__GC0, 
case__312: can, 
case__120: mopshub_top__GC0, 
case__472: can, 
case__618: canakari_top__GC0, 
rom__3: mopshub_top__GC0, 
reg__187: can, 
logic__116: mopshub_top__GC0, 
logic__827: bridge_controller, 
case__325: can, 
case__560: canakari_top__GC0, 
case__60: mopshub_top__GC0, 
logic__1284: can, 
muxpart__53: mopshub_top__GC0, 
logic__985: can, 
logic__1965: mopshub_design__GC0, 
case__279: bridge_controller, 
muxpart__103: mopshub_top__GC0, 
case__298: bridge_controller, 
case__418: can, 
logic__1305: can, 
logic__1240: can, 
keep__45: mopshub_design__GC0, 
case__561: canakari_top__GC0, 
logic__118: mopshub_top__GC0, 
logic__947: can, 
top_led_for_synth: mopshub_top_diff_ports__GC0, 
reg__135: mopshub_top__GC0, 
datapath__5: mopshub_top__GC0, 
case__616: canakari_top__GC0, 
keep__31: mopshub_design__GC0, 
muxpart__19: mopshub_top__GC0, 
logic__1291: can, 
logic__88: mopshub_top__GC0, 
logic__1025: can, 
muxpart__68: mopshub_top__GC0, 
reg__18: mopshub_top__GC0, 
logic__108: mopshub_top__GC0, 
logic__1814: can, 
datapath__59: can, 
case__31: mopshub_top__GC0, 
reg__195: can, 
reg__113: mopshub_top__GC0, 
case__642: canakari_top__GC0, 
case__368: can, 
logic__1096: can, 
demux1_Nbit: canakari_top__GC0, 
logic__1929: mopshub_top_diff_ports__GC0, 
logic__355: mopshub_top__GC0, 
logic__1903: canakari_top__GC0, 
logic__922: bridge_controller, 
datapath__74: can, 
case__639: canakari_top__GC0, 
logic__1406: can, 
logic__1042: can, 
case__563: canakari_top__GC0, 
logic__1364: can, 
reg__198: can, 
reg__222: can, 
case__100: mopshub_top__GC0, 
case__564: canakari_top__GC0, 
logic__172: mopshub_top__GC0, 
bit_counter__parameterized0: bridge_controller, 
logic__815: mopshub_top__GC0, 
muxpart__281: can, 
reg__89: mopshub_top__GC0, 
case__442: can, 
case__223: bridge_controller, 
logic__147: mopshub_top__GC0, 
logic__996: can, 
case__137: mopshub_top__GC0, 
muxpart__44: mopshub_top__GC0, 
case__305: bridge_controller, 
keep__54: mopshub_design__GC0, 
reg__65: mopshub_top__GC0, 
logic__1048: can, 
decapsulation2: can, 
reg__48: mopshub_top__GC0, 
case__370: can, 
sum2: can, 
logic__1310: can, 
keep__27: mopshub_design__GC0, 
reg__164: bridge_controller, 
reg__133: mopshub_top__GC0, 
logic__968: can, 
case__535: can, 
datapath__16: can, 
logic__1017: can, 
prescalereg2: can, 
logic__1079: can, 
reg__61: mopshub_top__GC0, 
logic__1728: can, 
case__93: mopshub_top__GC0, 
muxpart__55: mopshub_top__GC0, 
case__101: mopshub_top__GC0, 
case__381: can, 
logic__728: mopshub_top__GC0, 
reg__40: mopshub_top__GC0, 
case__620: canakari_top__GC0, 
rec2: can, 
datapath__73: can, 
case__443: can, 
reg__268: canakari_top__GC0, 
logic__1733: can, 
case__328: can, 
logic__1914: canakari_top__GC0, 
logic__1246: can, 
logic__861: bridge_controller, 
reg__108: mopshub_top__GC0, 
logic__1050: can, 
logic__1446: can, 
logic__177: mopshub_top__GC0, 
logic__1288: can, 
reg__90: mopshub_top__GC0, 
stuffing2: can, 
logic__122: mopshub_top__GC0, 
reg__81: mopshub_top__GC0, 
case__157: mopshub_top__GC0, 
logic__1111: can, 
logic__978: can, 
case__185: bridge_controller, 
case__610: canakari_top__GC0, 
case__314: can, 
case__583: canakari_top__GC0, 
rcrc2: can, 
logic__1836: canakari_top__GC0, 
logic__148: mopshub_top__GC0, 
llc_fsm2: can, 
case__432: can, 
case__459: can, 
logic__1363: can, 
logic__1548: can, 
case__291: bridge_controller, 
case__62: mopshub_top__GC0, 
logic__787: mopshub_top__GC0, 
logic__74: mopshub_top__GC0, 
tec2: can, 
logic__903: bridge_controller, 
muxpart__282: can, 
reg__199: can, 
logic__1256: can, 
logic__1289: can, 
logic: mopshub_top__GC0, 
logic__993: can, 
case__200: bridge_controller, 
muxpart__72: mopshub_top__GC0, 
case__122: mopshub_top__GC0, 
recarbitreg2: can, 
muxpart__24: mopshub_top__GC0, 
logic__1356: can, 
counter__1: bridge_controller, 
datapath__38: can, 
case__446: can, 
reg: mopshub_top__GC0, 
rom__1: mopshub_top__GC0, 
mopshub_design_selectio_wiz_2_0_selectio_wiz__GC0: mopshub_design_selectio_wiz_2_0_selectio_wiz__GC0, 
logic__1244: can, 
logic__1016: can, 
case__297: bridge_controller, 
muxpart__16: mopshub_top__GC0, 
case__347: can, 
triger_counter: mopshub_top__GC0, 
case__84: mopshub_top__GC0, 
muxpart__10: mopshub_top__GC0, 
case__544: can, 
keep__42: mopshub_design__GC0, 
case__438: can, 
datapath__37: can, 
case__12: mopshub_top__GC0, 
case__147: mopshub_top__GC0, 
case__406: can, 
recmeslen2: can, 
logic__144: mopshub_top__GC0, 
case__652: canakari_top__GC0, 
case__569: canakari_top__GC0, 
reg__38: mopshub_top__GC0, 
logic__128: mopshub_top__GC0, 
case__41: mopshub_top__GC0, 
logic__1088: can, 
datapath__23: can, 
case__335: can, 
keep__4: mopshub_top__GC0, 
logic__1697: can, 
counter: mopshub_top__GC0, 
logic__1959: mopshub_design__GC0, 
case__63: mopshub_top__GC0, 
case__168: mopshub_top__GC0, 
logic__1009: can, 
keep__19: mopshub_top_diff_ports__GC0, 
muxpart__61: mopshub_top__GC0, 
case__339: can, 
logic__685: mopshub_top__GC0, 
case__603: canakari_top__GC0, 
keep__29: mopshub_design__GC0, 
logic__1828: canakari_top__GC0, 
reg__136: mopshub_top__GC0, 
logic__976: can, 
logic__1842: canakari_top__GC0, 
logic__977: can, 
muxpart__23: mopshub_top__GC0, 
reg__189: can, 
logic__1380: can, 
logic__1729: can, 
logic__944: can, 
reg__125: mopshub_top__GC0, 
logic__1007: can, 
logic__1250: can, 
reg__204: can, 
case__213: bridge_controller, 
muxpart__31: mopshub_top__GC0, 
logic__1631: can, 
case__102: mopshub_top__GC0, 
case__229: bridge_controller, 
case__167: mopshub_top__GC0, 
case__106: mopshub_top__GC0, 
muxpart__18: mopshub_top__GC0, 
logic__286: mopshub_top__GC0, 
case__282: bridge_controller, 
case__604: canakari_top__GC0, 
case__334: can, 
reg__200: can, 
pulse_pdxx_pwxx: mopshub_top__GC0, 
logic__171: mopshub_top__GC0, 
case__439: can, 
logic__841: bridge_controller, 
reg__194: can, 
case__397: can, 
counter__3: canakari_top__GC0, bridge_controller, 
logic__1791: can, 
case__128: mopshub_top__GC0, 
case__141: mopshub_top__GC0, 
reg__96: mopshub_top__GC0, 
case__80: mopshub_top__GC0, 
logic__1958: mopshub_design__GC0, 
muxpart__56: mopshub_top__GC0, 
datapath: mopshub_top__GC0, 
reg__273: mopshub_top__GC0, 
muxpart__75: mopshub_top__GC0, 
case__34: mopshub_top__GC0, 
logic__807: mopshub_top__GC0, 
reg__159: bridge_controller, 
case__308: bridge_controller, 
case__111: mopshub_top__GC0, 
datapath__46: can, 
logic__856: bridge_controller, 
case__559: canakari_top__GC0, 
tshift_cell2: can, 
reg__132: mopshub_top__GC0, 
reg__256: can, 
logic__1070: can, 
case__440: can, 
logic__1559: can, 
logic__131: mopshub_top__GC0, 
logic__1590: can, 
logic__1263: can, 
case__645: canakari_top__GC0, 
reg__94: mopshub_top__GC0, 
case__351: can, 
reg__144: mopshub_top__GC0, 
reg__85: mopshub_top__GC0, 
bitstream_shift_register: mopshub_top__GC0, 
logic__1739: can, 
dsp48e1: can, 
logic__63: mopshub_top__GC0, 
case__479: can, 
logic__1788: can, 
case__457: can, 
case__329: can, 
logic__318: mopshub_top__GC0, 
case__379: can, 
logic__339: mopshub_top__GC0, 
muxpart__29: mopshub_top__GC0, 
muxpart__85: mopshub_top__GC0, 
case__11: mopshub_top__GC0, 
logic__932: can, 
dsp48e1__1: can, 
rcrc_cell2: can, 
logic__1084: can, 
keep__40: mopshub_design__GC0, 
logic__257: mopshub_top__GC0, 
logic__1458: can, 
case__235: bridge_controller, 
case__594: canakari_top__GC0, 
logic__1554: can, 
reg__101: mopshub_top__GC0, 
reg__11: mopshub_top__GC0, 
logic__1888: canakari_top__GC0, 
case__382: can, 
logic__1461: can, 
case__257: bridge_controller, 
logic__1824: canakari_top__GC0, 
case__643: canakari_top__GC0, 
logic__1692: can, 
case__236: bridge_controller, 
muxpart__104: mopshub_top__GC0, 
muxpart__36: mopshub_top__GC0, 
case__277: bridge_controller, 
logic__1241: can, 
recmescontrolreg2: can, 
case__586: canakari_top__GC0, 
case__198: bridge_controller, 
logic__936: can, 
muxpart__17: mopshub_top__GC0, 
logic__1794: can, 
case__25: mopshub_top__GC0, 
keep__5: mopshub_top__GC0, 
muxpart__109: bridge_controller, 
logic__1555: can, 
reg__63: mopshub_top__GC0, 
logic__1679: can, 
logic__1011: can, 
case__628: canakari_top__GC0, 
logic__880: bridge_controller, 
Output_Scaling: can, 
case__651: canakari_top__GC0, 
logic__1054: can, 
case__547: can, 
logic__745: mopshub_top__GC0, 
reg__262: can, 
datapath__52: can, 
logic__115: mopshub_top__GC0, 
case__656: canakari_top__GC0, 
case__79: mopshub_top__GC0, 
reg__23: mopshub_top__GC0, 
reg__229: can, 
case__575: canakari_top__GC0, 
case__471: can, 
logic__1846: canakari_top__GC0, 
case__112: mopshub_top__GC0, 
logic__146: mopshub_top__GC0, 
logic__1460: can, 
case__317: can, 
case__350: can, 
logic__1418: can, 
muxpart__2: mopshub_top__GC0, 
logic__1098: can, 
logic__84: mopshub_top__GC0, 
reg__191: can, 
datapath__17: can, 
case__286: bridge_controller, 
logic__1087: can, 
case__614: canakari_top__GC0, 
case__48: mopshub_top__GC0, 
case__384: can, 
muxpart__51: mopshub_top__GC0, 
logic__1479: can, 
logic__965: can, 
logic__1686: can, 
logic__694: mopshub_top__GC0, 
muxpart__39: mopshub_top__GC0, 
counter2: can, 
case__398: can, 
logic__214: mopshub_top__GC0, 
logic__951: can, 
case__524: can, 
logic__938: can, 
case__165: mopshub_top__GC0, 
reg__248: can, 
case__15: mopshub_top__GC0, 
datapath__72: can, 
logic__1055: can, 
logic__812: mopshub_top__GC0, 
case__192: bridge_controller, 
can2: can, 
muxpart__48: mopshub_top__GC0, 
case__153: mopshub_top__GC0, 
reg__260: can, 
case__73: mopshub_top__GC0, 
logic__346: mopshub_top__GC0, 
logic__1386: can, 
logic__1633: can, 
case__365: can, 
muxpart__96: mopshub_top__GC0, 
logic__1273: can, 
reg__2: mopshub_top__GC0, 
logic__1058: can, 
logic__1831: canakari_top__GC0, 
elink_interface_rec_SM: mopshub_top__GC0, 
reg__168: bridge_controller, 
reg__20: mopshub_top__GC0, 
mac2: can, 
reg__142: mopshub_top__GC0, 
reg__216: can, 
case__352: can, 
read_mux2: can, 
muxpart__27: mopshub_top__GC0, 
logic__247: mopshub_top__GC0, 
case__404: can, 
logic__376: mopshub_top__GC0, 
case__49: mopshub_top__GC0, 
logic__1813: can, 
muxpart__52: mopshub_top__GC0, 
case__103: mopshub_top__GC0, 
case__654: canakari_top__GC0, 
keep__24: mopshub_top_diff_ports__GC0, 
muxpart__67: mopshub_top__GC0, 
muxpart__35: mopshub_top__GC0, 
logic__1266: can, 
case__375: can, 
logic__1727: can, 
muxpart__45: mopshub_top__GC0, 
logic__735: mopshub_top__GC0, 
logic__699: mopshub_top__GC0, 
case__126: mopshub_top__GC0, 
case__450: can, 
case__607: canakari_top__GC0, 
muxpart__95: mopshub_top__GC0, 
interrupregister2: can, 
logic__1850: canakari_top__GC0, 
case__203: bridge_controller, 
muxpart__54: mopshub_top__GC0, 
logic__156: mopshub_top__GC0, 
datapath__27: can, 
case__445: can, 
reg__34: mopshub_top__GC0, 
reg__265: can, 
case__204: bridge_controller, 
buffer_tristate_busid: bridge_controller, 
logic__1502: can, 
case__631: canakari_top__GC0, 
reg__203: can, 
reg__139: mopshub_top__GC0, 
logic__1964: mopshub_design__GC0, 
datapath__42: can, 
muxpart__7: mopshub_top__GC0, 
case__635: canakari_top__GC0, 
case__355: can, 
logic__1966: mopshub_design__GC0, 
logic__1368: can, 
logic__730: mopshub_top__GC0, 
case__201: bridge_controller, 
reg__205: can, 
case__412: can, 
logic__1900: canakari_top__GC0, 
datapath__58: can, 
addsub: mopshub_top__GC0, 
counter__4: can, 
muxpart__46: mopshub_top__GC0, 
case__224: bridge_controller, 
case__248: bridge_controller, 
muxpart__43: mopshub_top__GC0, 
keep__6: mopshub_top__GC0, 
mux4_Nbit: mopshub_top__GC0, 
case__97: mopshub_top__GC0, 
logic__1898: canakari_top__GC0, 
logic__1715: can, 
datapath__45: can, 
keep__56: mopshub_design__GC0, 
muxpart__97: mopshub_top__GC0, 
case__20: mopshub_top__GC0, 
reg__258: can, 
case__158: mopshub_top__GC0, 
logic__1071: can, 
reg__207: can, 
reg__266: can, 
case__454: can, 
muxpart__12: mopshub_top__GC0, 
case__549: can, 
logic__1081: can, 
case__108: mopshub_top__GC0, 
case__247: bridge_controller, 
logic__1002: can, 
logic__826: mopshub_top__GC0, 
reg__122: mopshub_top__GC0, 
logic__1362: can, 
reg__202: can, 
logic__1024: can, 
keep__20: mopshub_top_diff_ports__GC0, 
logic__1825: canakari_top__GC0, 
datapath__13: bridge_controller, 
logic__1716: can, 
logic__918: bridge_controller, 
muxpart__111: bridge_controller, 
logic__656: mopshub_top__GC0, 
erbcount2: can, 
logic__1083: can, 
logic__375: mopshub_top__GC0, 
reg__211: can, 
case__169: mopshub_top__GC0, 
muxpart__20: mopshub_top__GC0, 
logic__806: mopshub_top__GC0, 
logic__1442: can, 
logic__930: bridge_controller, 
muxpart__94: mopshub_top__GC0, 
muxpart__294: canakari_top__GC0, 
keep__9: mopshub_top__GC0, 
case__552: can, 
logic__867: bridge_controller, 
counter__11: can, 
case__390: can, 
reg__140: mopshub_top__GC0, 
logic__1022: can, 
elink_proc_out: mopshub_top__GC0, 
case__551: can, 
logic__1029: can, 
datapath__68: can, 
muxpart__291: canakari_top__GC0, 
case__179: mopshub_top__GC0, 
case__237: bridge_controller, 
rshift_cell2: can, 
logic__979: can, 
