mopshub_design_clk_wiz_0_0_clk_wiz: mopshub_design_clk_wiz_0_0_clk_wiz__GC0, 
mopshub_design_clk_wiz_0_0: mopshub_design_clk_wiz_0_0_clk_wiz__GC0, 
mopshub_core: canakari_top__GC0, can, bridge_controller, 
mopshub_design_selectio_wiz_2_0_selectio_wiz: mopshub_design_selectio_wiz_2_0_selectio_wiz__GC0, 
canakari_0_7: can, 
canakari_top: canakari_top__GC0, can, 
mopshub_design_selectio_wiz_1_1_selectio_wiz: 
mopshub_design_selectio_wiz_2_0: mopshub_design_selectio_wiz_2_0_selectio_wiz__GC0, 
output_diff_buff_clk: 
mopshub_design: mopshub_design__GC0, mopshub_design_selectio_wiz_2_0_selectio_wiz__GC0, mopshub_top_diff_ports__GC0, mopshub_top__GC0, canakari_top__GC0, can, bridge_controller, mopshub_design_clk_wiz_0_0_clk_wiz__GC0, 
mopshub_design_selectio_wiz_1_1: 
mopshub_top: mopshub_top__GC0, canakari_top__GC0, can, bridge_controller, 
mopshub_design_mopshub_top_diff_por_0_0: mopshub_top_diff_ports__GC0, mopshub_top__GC0, canakari_top__GC0, can, bridge_controller, 
mopshub_design_wrapper: mopshub_design__GC0, mopshub_design_selectio_wiz_2_0_selectio_wiz__GC0, mopshub_top_diff_ports__GC0, mopshub_top__GC0, canakari_top__GC0, can, bridge_controller, mopshub_design_clk_wiz_0_0_clk_wiz__GC0, 
mopshub_top_diff_ports: mopshub_top_diff_ports__GC0, mopshub_top__GC0, canakari_top__GC0, can, bridge_controller, 
